Component: ARM Compiler 5.06 update 6 (build 750) Tool: armlink [4d35ed]

==============================================================================

Section Cross References

    startup_Renesas_RZ_A1.o(RESET) refers to startup_Renesas_RZ_A1.o(.text) for Reset_Handler
    startup_Renesas_RZ_A1.o(RESET) refers to HAL_CA5.o(.emb_text) for SVC_Handler
    startup_Renesas_RZ_A1.o(.text) refers to mmu_Renesas_RZ_A1.o(.text) for create_translation_table
    startup_Renesas_RZ_A1.o(.text) refers to system_Renesas_RZ_A1.o(.text) for CUndefHandler
    startup_Renesas_RZ_A1.o(.text) refers to startup_Renesas_RZ_A1.o(RESET) for __Vectors
    startup_Renesas_RZ_A1.o(.text) refers to startup_Renesas_RZ_A1.o(STACK) for Stack_Top
    startup_Renesas_RZ_A1.o(.text) refers to RZ_A1H_GENMAI_Init.o(.text) for RZ_A1H_GENMAI_SetSramWriteEnable
    startup_Renesas_RZ_A1.o(.text) refers to entry.o(.ARM.Collect$$$$00000000) for __main
    startup_Renesas_RZ_A1.o(.text) refers to HAL_CA.o(.data) for IRQNestLevel
    startup_Renesas_RZ_A1.o(.text) refers to HAL_CA5.o(.data) for seen_id0_active
    startup_Renesas_RZ_A1.o(.text) refers to system_Renesas_RZ_A1.o(.data) for IRQCount
    startup_Renesas_RZ_A1.o(.text) refers to system_Renesas_RZ_A1.o(.bss) for IRQTable
    NEON.o(.text) refers to rt_Task.o(i.rt_tsk_self) for rt_tsk_self
    NEON.o(.text) refers to barman.o(.text) for barman_initialize
    NEON.o(.text) refers to rt_Time.o(i.rt_time_get) for rt_time_get
    NEON.o(.text) refers to cnn.o(.text) for mnist_cnn_eval
    NEON.o(.text) refers to printf1.o(i.__0printf$1) for __2printf
    NEON.o(.text) refers to NEON.o(.data) for .data
    NEON.o(.text) refers to NEON.o(.constdata) for .constdata
    NEON.o(.constdata) refers to NEON.o(.conststring) for .conststring
    RTX_Conf_CM.o(.ARM.Collect$$$$000000FF) refers to rt_CMSIS.o(i.osKernelInitialize) for osKernelInitialize
    RTX_Conf_CM.o(.ARM.Collect$$$$000000FF) refers to rt_CMSIS.o(i.osThreadCreate) for osThreadCreate
    RTX_Conf_CM.o(.ARM.Collect$$$$000000FF) refers to rt_CMSIS.o(i.osKernelStart) for osKernelStart
    RTX_Conf_CM.o(.ARM.Collect$$$$000000FF) refers to RTX_Conf_CM.o(.constdata) for .constdata
    RTX_Conf_CM.o(.text) refers to RZ_A1H_GENMAI_Init.o(.text) for RZ_A1H_GENMAI_IsClockMode0
    RTX_Conf_CM.o(.constdata) refers to system_Renesas_RZ_A1.o(.text) for main
    RTX_Conf_CM.o(.constdata) refers to RTX_Conf_CM.o(.bss) for os_messageQ_q_osTimerMessageQ
    barman.o(.text) refers to barman.o(.emb_text) for __sync_synchronize
    barman.o(.text) refers to barman.o(.bss) for .bss
    barman.o(.text) refers to barman.o(.constdata) for .constdata
    barman.o(.text) refers to barman.o(.conststring) for .conststring
    barman.o(.text) refers to barman.o(.data) for .data
    barman.o(.text) refers to memseta.o(.text) for __aeabi_memclr4
    barman.o(.text) refers to NEON.o(.text) for barman_ext_get_timestamp
    barman.o(.text) refers to memcpya.o(.text) for __aeabi_memcpy
    cnn.o(.text) refers to barman.o(.text) for barman_annotate_marker
    cnn.o(.text) refers to cnn.o(.bss) for .bss
    mmu_Renesas_RZ_A1.o(.text) refers to mmu_Renesas_RZ_A1.o(.constdata) for .constdata
    mmu_Renesas_RZ_A1.o(.text) refers to mmu_Renesas_RZ_A1.o(.data) for .data
    system_Renesas_RZ_A1.o(.text) refers to system_Renesas_RZ_A1.o(.text) for __enable_caches
    system_Renesas_RZ_A1.o(.text) refers to pl310.o(.text) for PL310_GetID
    system_Renesas_RZ_A1.o(.text) refers to RZ_A1H_GENMAI_Init.o(.text) for RZ_A1H_GENMAI_InitClock
    system_Renesas_RZ_A1.o(.text) refers to gic.o(.text) for GIC_Enable
    system_Renesas_RZ_A1.o(.text) refers to NEON.o(.text) for $Super$$main
    system_Renesas_RZ_A1.o(.text) refers to system_Renesas_RZ_A1.o(.emb_text) for FPUEnable
    system_Renesas_RZ_A1.o(.text) refers to system_Renesas_RZ_A1.o(.data) for .data
    system_Renesas_RZ_A1.o(.text) refers to system_Renesas_RZ_A1.o(.bss) for .bss
    system_Renesas_RZ_A1.o(.text) refers to HAL_CA5.o(.emb_text) for PendSV_Handler
    HAL_CA5.o(.emb_text) refers to rt_MemBox.o(i.rt_alloc_box) for rt_alloc_box
    HAL_CA5.o(.emb_text) refers to rt_MemBox.o(i.rt_free_box) for rt_free_box
    HAL_CA5.o(.emb_text) refers to rt_System.o(i.rt_tsk_lock) for rt_tsk_lock
    HAL_CA5.o(.emb_text) refers to barman.o(.text) for barman_record_task_switch
    HAL_CA5.o(.emb_text) refers to rt_System.o(i.rt_tsk_unlock) for rt_tsk_unlock
    HAL_CA5.o(.emb_text) refers to rt_System.o(i.rt_stk_check) for rt_stk_check
    HAL_CA5.o(.emb_text) refers to rt_Task.o(.data) for os_tsk
    HAL_CA5.o(.emb_text) refers to rt_System.o(.data) for scheduler_suspended
    HAL_CA5.o(.emb_text) refers to SVC_Table.o(SVC_TABLE) for SVC_Count
    HAL_CA5.o(.emb_text) refers to rt_System.o(i.rt_pop_req) for rt_pop_req
    HAL_CA5.o(.emb_text) refers to gic.o(.constdata) for GICInterface_BASE
    HAL_CA5.o(.emb_text) refers to HAL_CA5.o(.data) for seen_id0_active
[...]
    Removing HAL_CA.o(.emb_text), (208 bytes).
    Removing rt_CMSIS.o(.rev16_text), (4 bytes).
    Removing rt_CMSIS.o(.revsh_text), (4 bytes).
    Removing rt_CMSIS.o(.rrx_text), (6 bytes).
    Removing rt_CMSIS.o(i.isrMessageGet), (72 bytes).
    Removing rt_CMSIS.o(i.isrSemaphoreRelease), (52 bytes).
    Removing rt_CMSIS.o(i.isrSignalSet), (52 bytes).
    Removing rt_CMSIS.o(i.osDelay), (32 bytes).
    Removing rt_CMSIS.o(i.osKernelRunning), (36 bytes).
    Removing rt_CMSIS.o(i.osKernelSysTick), (28 bytes).
    Removing rt_CMSIS.o(i.osMailAlloc), (48 bytes).
    Removing rt_CMSIS.o(i.osMailCAlloc), (68 bytes).
    Removing rt_CMSIS.o(i.osMailCreate), (64 bytes).
    Removing rt_CMSIS.o(i.osMailFree), (48 bytes).
    Removing rt_CMSIS.o(i.osMailGet), (48 bytes).
    Removing rt_CMSIS.o(i.osMailPut), (30 bytes).
    Removing rt_CMSIS.o(i.osMessageCreate), (64 bytes).
    Removing rt_CMSIS.o(i.osMessageGet), (56 bytes).
    Removing rt_CMSIS.o(i.osMessagePut), (48 bytes).
    Removing rt_CMSIS.o(i.osMutexCreate), (60 bytes).
    Removing rt_CMSIS.o(i.osMutexDelete), (32 bytes).
    Removing rt_CMSIS.o(i.osMutexRelease), (32 bytes).
    Removing rt_CMSIS.o(i.osMutexWait), (36 bytes).
    Removing rt_CMSIS.o(i.osPoolAlloc), (40 bytes).
    Removing rt_CMSIS.o(i.osPoolCAlloc), (52 bytes).
    Removing rt_CMSIS.o(i.osPoolCreate), (60 bytes).
    Removing rt_CMSIS.o(i.osPoolFree), (44 bytes).
    Removing rt_CMSIS.o(i.osSemaphoreCreate), (64 bytes).
    Removing rt_CMSIS.o(i.osSemaphoreDelete), (32 bytes).
    Removing rt_CMSIS.o(i.osSemaphoreRelease), (36 bytes).
    Removing rt_CMSIS.o(i.osSemaphoreWait), (40 bytes).
    Removing rt_CMSIS.o(i.osSignalClear), (40 bytes).
    Removing rt_CMSIS.o(i.osSignalSet), (44 bytes).
    Removing rt_CMSIS.o(i.osSignalWait), (52 bytes).
    Removing rt_CMSIS.o(i.osThreadGetId), (28 bytes).
    Removing rt_CMSIS.o(i.osThreadGetPriority), (32 bytes).
    Removing rt_CMSIS.o(i.osThreadSetPriority), (36 bytes).
    Removing rt_CMSIS.o(i.osThreadTerminate), (32 bytes).
    Removing rt_CMSIS.o(i.osThreadYield), (28 bytes).
    Removing rt_CMSIS.o(i.osTimerCall), (32 bytes).
    Removing rt_CMSIS.o(i.osTimerCreate), (72 bytes).
    Removing rt_CMSIS.o(i.osTimerDelete), (32 bytes).
    Removing rt_CMSIS.o(i.osTimerStart), (36 bytes).
    Removing rt_CMSIS.o(i.osTimerStop), (32 bytes).
    Removing rt_CMSIS.o(i.osTimerThread), (56 bytes).
    Removing rt_CMSIS.o(i.osWait), (16 bytes).
    Removing rt_CMSIS.o(i.os_resume), (24 bytes).
    Removing rt_CMSIS.o(i.os_suspend), (16 bytes).
    Removing rt_CMSIS.o(i.rt_clr_box), (24 bytes).
    Removing rt_CMSIS.o(i.rt_id2obj), (16 bytes).
    Removing rt_CMSIS.o(i.rt_ms2tick), (80 bytes).
    Removing rt_CMSIS.o(i.rt_timer_remove), (76 bytes).
    Removing rt_CMSIS.o(i.svcDelay), (26 bytes).
    Removing rt_CMSIS.o(i.svcKernelRunning), (12 bytes).
    Removing rt_CMSIS.o(i.svcKernelSysTick), (72 bytes).
    Removing rt_CMSIS.o(i.svcMailCreate), (102 bytes).
    Removing rt_CMSIS.o(i.svcMessageGet), (86 bytes).
    Removing rt_CMSIS.o(i.svcMessagePut), (66 bytes).
    Removing rt_CMSIS.o(i.svcMutexCreate), (54 bytes).
    Removing rt_CMSIS.o(i.svcMutexDelete), (38 bytes).
    Removing rt_CMSIS.o(i.svcMutexRelease), (48 bytes).
    Removing rt_CMSIS.o(i.svcMutexWait), (78 bytes).
    Removing rt_CMSIS.o(i.svcPoolCreate), (56 bytes).
    Removing rt_CMSIS.o(i.svcSemaphoreCreate), (74 bytes).
    Removing rt_CMSIS.o(i.svcSemaphoreDelete), (38 bytes).
    Removing rt_CMSIS.o(i.svcSemaphoreRelease), (52 bytes).
    Removing rt_CMSIS.o(i.svcSemaphoreWait), (70 bytes).
    Removing rt_CMSIS.o(i.svcSignalClear), (52 bytes).
    Removing rt_CMSIS.o(i.svcSignalSet), (52 bytes).
    Removing rt_CMSIS.o(i.svcSignalWait), (120 bytes).
    Removing rt_CMSIS.o(i.svcThreadGetPriority), (24 bytes).
    Removing rt_CMSIS.o(i.svcThreadSetPriority), (62 bytes).
    Removing rt_CMSIS.o(i.svcThreadYield), (10 bytes).
    Removing rt_CMSIS.o(i.svcTimerCall), (42 bytes).
    Removing rt_CMSIS.o(i.svcTimerCreate), (112 bytes).
    Removing rt_CMSIS.o(i.svcTimerDelete), (52 bytes).
    Removing rt_CMSIS.o(i.svcTimerStart), (124 bytes).
    Removing rt_CMSIS.o(i.svcTimerStop), (48 bytes).
    Removing rt_CMSIS.o(i.sysMailAlloc), (120 bytes).
    Removing rt_CMSIS.o(i.sysMailFree), (122 bytes).
    Removing rt_CMSIS.o(i.sysPoolAlloc), (22 bytes).
    Removing rt_CMSIS.o(i.sysPoolFree), (32 bytes).
    Removing rt_CMSIS.o(i.sysUserTimerUpdate), (72 bytes).
    Removing rt_CMSIS.o(i.sysUserTimerWakeupTime), (24 bytes).
    Removing rt_Task.o(.rev16_text), (4 bytes).
    Removing rt_Task.o(.revsh_text), (4 bytes).
    Removing rt_Task.o(.rrx_text), (6 bytes).
    Removing rt_Task.o(.emb_text), (208 bytes).
    Removing rt_Task.o(i.rt_block), (56 bytes).
    Removing rt_Task.o(i.rt_tsk_pass), (44 bytes).
    Removing rt_Time.o(i.rt_dly_wait), (14 bytes).
    Removing rt_Time.o(i.rt_itv_set), (28 bytes).
    Removing rt_Time.o(i.rt_itv_wait), (60 bytes).
    Removing rt_Event.o(.rev16_text), (4 bytes).
    Removing rt_Event.o(.revsh_text), (4 bytes).
    Removing rt_Event.o(.rrx_text), (6 bytes).
    Removing rt_Event.o(.emb_text), (208 bytes).
    Removing rt_Event.o(i.isr_evt_set), (40 bytes).
    Removing rt_Event.o(i.rt_evt_clr), (32 bytes).
    Removing rt_Event.o(i.rt_evt_get), (12 bytes).
    Removing rt_Event.o(i.rt_evt_set), (104 bytes).
    Removing rt_Event.o(i.rt_evt_wait), (116 bytes).
    Removing rt_Event.o(.data), (1 bytes).
    Removing rt_List.o(.rev16_text), (4 bytes).
    Removing rt_List.o(.revsh_text), (4 bytes).
    Removing rt_List.o(.rrx_text), (6 bytes).
    Removing rt_List.o(.emb_text), (208 bytes).
    Removing rt_List.o(i.rt_get_same_rdy_prio), (44 bytes).
    Removing rt_List.o(i.rt_put_dly), (92 bytes).
    Removing rt_List.o(.data), (1 bytes).
    Removing rt_Mailbox.o(.rev16_text), (4 bytes).
    Removing rt_Mailbox.o(.revsh_text), (4 bytes).
    Removing rt_Mailbox.o(.rrx_text), (6 bytes).
    Removing rt_Mailbox.o(.emb_text), (208 bytes).
    Removing rt_Mailbox.o(i.isr_mbx_receive), (98 bytes).
    Removing rt_Mailbox.o(i.rt_mbx_send), (192 bytes).
    Removing rt_Mailbox.o(i.rt_mbx_wait), (216 bytes).
    Removing rt_Mailbox.o(.data), (1 bytes).
    Removing rt_MemBox.o(.rev16_text), (4 bytes).
    Removing rt_MemBox.o(.revsh_text), (4 bytes).
    Removing rt_MemBox.o(.rrx_text), (6 bytes).
    Removing rt_MemBox.o(.emb_text), (208 bytes).
    Removing rt_MemBox.o(i._calloc_box), (40 bytes).
    Removing rt_MemBox.o(.data), (1 bytes).
    Removing rt_Mutex.o(.rev16_text), (4 bytes).
    Removing rt_Mutex.o(.revsh_text), (4 bytes).
    Removing rt_Mutex.o(.rrx_text), (6 bytes).
    Removing rt_Mutex.o(.emb_text), (208 bytes).
    Removing rt_Mutex.o(i.rt_mut_delete), (224 bytes).
    Removing rt_Mutex.o(i.rt_mut_init), (18 bytes).
    Removing rt_Mutex.o(i.rt_mut_release), (300 bytes).
    Removing rt_Mutex.o(i.rt_mut_wait), (180 bytes).
    Removing rt_Mutex.o(.data), (1 bytes).
    Removing rt_Robin.o(.rev16_text), (4 bytes).
    Removing rt_Robin.o(.revsh_text), (4 bytes).
    Removing rt_Robin.o(.rrx_text), (6 bytes).
    Removing rt_Robin.o(.emb_text), (208 bytes).
    Removing rt_Semaphore.o(.rev16_text), (4 bytes).
    Removing rt_Semaphore.o(.revsh_text), (4 bytes).
    Removing rt_Semaphore.o(.rrx_text), (6 bytes).
    Removing rt_Semaphore.o(.emb_text), (208 bytes).
    Removing rt_Semaphore.o(i.isr_sem_send), (20 bytes).
    Removing rt_Semaphore.o(i.rt_sem_delete), (124 bytes).
    Removing rt_Semaphore.o(i.rt_sem_init), (16 bytes).
    Removing rt_Semaphore.o(i.rt_sem_send), (66 bytes).
    Removing rt_Semaphore.o(i.rt_sem_wait), (96 bytes).
    Removing rt_Semaphore.o(.data), (1 bytes).
    Removing rt_System.o(.rev16_text), (4 bytes).
    Removing rt_System.o(.revsh_text), (4 bytes).
    Removing rt_System.o(.rrx_text), (6 bytes).
    Removing rt_System.o(.emb_text), (208 bytes).
    Removing rt_System.o(i.os_tick_init), (10 bytes).
    Removing rt_System.o(i.os_tick_irqack), (2 bytes).
    Removing rt_System.o(i.os_tick_ovf), (6 bytes).
    Removing rt_System.o(i.os_tick_val), (6 bytes).
    Removing rt_System.o(i.rt_resume), (184 bytes).
    Removing rt_System.o(i.rt_suspend), (52 bytes).
    Removing dadd.o(.text), (334 bytes).
    Removing dmul.o(.text), (228 bytes).
    Removing ddiv.o(.text), (222 bytes).
    Removing dfixul.o(.text), (48 bytes).
    Removing cdrcmple.o(.text), (48 bytes).
    Removing depilogue.o(.text), (186 bytes).

198 unused section(s) (total 10992 bytes) removed from the image.

==============================================================================

Adding Veneers to the image

    Adding AT veneer (8 bytes, Inline) for call to 'PL310_Enable' from system_Renesas_RZ_A1.o(.text).

1 Veneer(s) (total 8 bytes) added to the image.

==============================================================================

Image Symbol Table

    Local Symbols

    Symbol Name                              Value     Ov Type        Size  Object(Section)

    ../ARM/HAL_CA5.c                         0x00000000   Number         0  HAL_CA5.o ABSOLUTE
    ../ARM/SVC_Table.s                       0x00000000   Number         0  SVC_Table.o ABSOLUTE
    ../ARM/startup_Renesas_RZ_A1.s           0x00000000   Number         0  startup_Renesas_RZ_A1.o ABSOLUTE
    ../HAL_CA.c                              0x00000000   Number         0  HAL_CA.o ABSOLUTE
    ../NEON.c                                0x00000000   Number         0  NEON.o ABSOLUTE
    ../RTX_Conf_CM.c                         0x00000000   Number         0  RTX_Conf_CM.o ABSOLUTE
    ../RZ_A1H_GENMAI_Init.c                  0x00000000   Number         0  RZ_A1H_GENMAI_Init.o ABSOLUTE
    ../barman.c                              0x00000000   Number         0  barman.o ABSOLUTE
    ../clib/microlib/division.c              0x00000000   Number         0  uldiv.o ABSOLUTE
    ../clib/microlib/division.c              0x00000000   Number         0  uidiv.o ABSOLUTE
    ../clib/microlib/init/entry.s            0x00000000   Number         0  entry11a.o ABSOLUTE
    ../clib/microlib/init/entry.s            0x00000000   Number         0  entry10a.o ABSOLUTE
    ../clib/microlib/init/entry.s            0x00000000   Number         0  entry8b.o ABSOLUTE
    ../clib/microlib/init/entry.s            0x00000000   Number         0  entry8a.o ABSOLUTE
    ../clib/microlib/init/entry.s            0x00000000   Number         0  entry10b.o ABSOLUTE
    ../clib/microlib/init/entry.s            0x00000000   Number         0  entry7b.o ABSOLUTE
    ../clib/microlib/init/entry.s            0x00000000   Number         0  entry7a.o ABSOLUTE
    ../clib/microlib/init/entry.s            0x00000000   Number         0  entry5.o ABSOLUTE
    ../clib/microlib/init/entry.s            0x00000000   Number         0  entry2.o ABSOLUTE
    ../clib/microlib/init/entry.s            0x00000000   Number         0  entry.o ABSOLUTE
    ../clib/microlib/init/entry.s            0x00000000   Number         0  entry11b.o ABSOLUTE
    ../clib/microlib/longlong.c              0x00000000   Number         0  llushr.o ABSOLUTE
    ../clib/microlib/longlong.c              0x00000000   Number         0  llshl.o ABSOLUTE
    ../clib/microlib/longlong.c              0x00000000   Number         0  llsshr.o ABSOLUTE
    ../clib/microlib/printf/printf.c         0x00000000   Number         0  printf3.o ABSOLUTE
    ../clib/microlib/printf/printf.c         0x00000000   Number         0  printfb.o ABSOLUTE
    ../clib/microlib/printf/printf.c         0x00000000   Number         0  printf4.o ABSOLUTE
    ../clib/microlib/printf/printf.c         0x00000000   Number         0  printfa.o ABSOLUTE
    ../clib/microlib/printf/printf.c         0x00000000   Number         0  printf8.o ABSOLUTE
    ../clib/microlib/printf/printf.c         0x00000000   Number         0  printf7.o ABSOLUTE
    ../clib/microlib/printf/printf.c         0x00000000   Number         0  printf6.o ABSOLUTE
    ../clib/microlib/printf/printf.c         0x00000000   Number         0  printf0.o ABSOLUTE
    ../clib/microlib/printf/printf.c         0x00000000   Number         0  printf5.o ABSOLUTE
    ../clib/microlib/printf/printf.c         0x00000000   Number         0  printf2.o ABSOLUTE
    ../clib/microlib/printf/printf.c         0x00000000   Number         0  printf1.o ABSOLUTE
    ../clib/microlib/printf/stubs.s          0x00000000   Number         0  stubs.o ABSOLUTE
    ../clib/microlib/stdio/fputc.c           0x00000000   Number         0  fputc.o ABSOLUTE
    ../clib/microlib/stdio/semi.s            0x00000000   Number         0  semi.o ABSOLUTE
    ../clib/microlib/stdio/streams.c         0x00000000   Number         0  stdout.o ABSOLUTE
    ../clib/microlib/string/memcpy.c         0x00000000   Number         0  memcpyb.o ABSOLUTE
    ../clib/microlib/string/memcpy.c         0x00000000   Number         0  memcpya.o ABSOLUTE
    ../clib/microlib/string/memset.c         0x00000000   Number         0  memseta.o ABSOLUTE
    ../clib/microlib/stubs.s                 0x00000000   Number         0  iusefp.o ABSOLUTE
    ../clib/microlib/stubs.s                 0x00000000   Number         0  iusesemip.o ABSOLUTE
    ../cnn.c                                 0x00000000   Number         0  cnn.o ABSOLUTE
    ../fplib/microlib/fpadd.c                0x00000000   Number         0  dadd.o ABSOLUTE
    ../fplib/microlib/fpdiv.c                0x00000000   Number         0  ddiv.o ABSOLUTE
    ../fplib/microlib/fpepilogue.c           0x00000000   Number         0  depilogue.o ABSOLUTE
    ../fplib/microlib/fpfix.c                0x00000000   Number         0  dfixul.o ABSOLUTE
    ../fplib/microlib/fpmul.c                0x00000000   Number         0  dmul.o ABSOLUTE
    ../gic.c                                 0x00000000   Number         0  gic.o ABSOLUTE
    ../mmu_Renesas_RZ_A1.c                   0x00000000   Number         0  mmu_Renesas_RZ_A1.o ABSOLUTE
    ../pl310.c                               0x00000000   Number         0  pl310.o ABSOLUTE
    ../rt_CMSIS.c                            0x00000000   Number         0  rt_CMSIS.o ABSOLUTE
    ../rt_Event.c                            0x00000000   Number         0  rt_Event.o ABSOLUTE
    ../rt_List.c                             0x00000000   Number         0  rt_List.o ABSOLUTE
    ../rt_Mailbox.c                          0x00000000   Number         0  rt_Mailbox.o ABSOLUTE
    ../rt_MemBox.c                           0x00000000   Number         0  rt_MemBox.o ABSOLUTE
    ../rt_Memory.c                           0x00000000   Number         0  rt_Memory.o ABSOLUTE
    ../rt_Mutex.c                            0x00000000   Number         0  rt_Mutex.o ABSOLUTE
    ../rt_Robin.c                            0x00000000   Number         0  rt_Robin.o ABSOLUTE
    ../rt_Semaphore.c                        0x00000000   Number         0  rt_Semaphore.o ABSOLUTE
    ../rt_System.c                           0x00000000   Number         0  rt_System.o ABSOLUTE
    ../rt_Task.c                             0x00000000   Number         0  rt_Task.o ABSOLUTE
    ../rt_Time.c                             0x00000000   Number         0  rt_Time.o ABSOLUTE
    ../system_Renesas_RZ_A1.c                0x00000000   Number         0  system_Renesas_RZ_A1.o ABSOLUTE
    ..\ARM\HAL_CA5.c                         0x00000000   Number         0  HAL_CA5.o ABSOLUTE
    ..\HAL_CA.c                              0x00000000   Number         0  HAL_CA.o ABSOLUTE
    ..\RTX_Conf_CM.c                         0x00000000   Number         0  RTX_Conf_CM.o ABSOLUTE
    ..\RZ_A1H_GENMAI_Init.c                  0x00000000   Number         0  RZ_A1H_GENMAI_Init.o ABSOLUTE
    ..\barman.c                              0x00000000   Number         0  barman.o ABSOLUTE
    ..\gic.c                                 0x00000000   Number         0  gic.o ABSOLUTE
    ..\mmu_Renesas_RZ_A1.c                   0x00000000   Number         0  mmu_Renesas_RZ_A1.o ABSOLUTE
    ..\pl310.c                               0x00000000   Number         0  pl310.o ABSOLUTE
    ..\rt_CMSIS.c                            0x00000000   Number         0  rt_CMSIS.o ABSOLUTE
    ..\rt_Event.c                            0x00000000   Number         0  rt_Event.o ABSOLUTE
    ..\rt_List.c                             0x00000000   Number         0  rt_List.o ABSOLUTE
    ..\rt_Mailbox.c                          0x00000000   Number         0  rt_Mailbox.o ABSOLUTE
    ..\rt_MemBox.c                           0x00000000   Number         0  rt_MemBox.o ABSOLUTE
    ..\rt_Mutex.c                            0x00000000   Number         0  rt_Mutex.o ABSOLUTE
    ..\rt_Robin.c                            0x00000000   Number         0  rt_Robin.o ABSOLUTE
    ..\rt_Semaphore.c                        0x00000000   Number         0  rt_Semaphore.o ABSOLUTE
    ..\rt_System.c                           0x00000000   Number         0  rt_System.o ABSOLUTE
    ..\rt_Task.c                             0x00000000   Number         0  rt_Task.o ABSOLUTE
    ..\system_Renesas_RZ_A1.c                0x00000000   Number         0  system_Renesas_RZ_A1.o ABSOLUTE
    cdrcmple.s                               0x00000000   Number         0  cdrcmple.o ABSOLUTE
    dc.s                                     0x00000000   Number         0  dc.o ABSOLUTE
    handlers.s                               0x00000000   Number         0  handlers.o ABSOLUTE
    init.s                                   0x00000000   Number         0  init.o ABSOLUTE
    RESET                                    0x20020000   Section       60  startup_Renesas_RZ_A1.o(RESET)
    $v0                                      0x20020000   Number         0  startup_Renesas_RZ_A1.o(RESET)
    .ARM.Collect$$$$00000000                 0x2002003c   Section        0  entry.o(.ARM.Collect$$$$00000000)
    .ARM.Collect$$$$00000001                 0x2002003c   Section        4  entry2.o(.ARM.Collect$$$$00000001)
    .ARM.Collect$$$$00000004                 0x20020040   Section        4  entry5.o(.ARM.Collect$$$$00000004)
    .ARM.Collect$$$$00000008                 0x20020044   Section        0  entry7b.o(.ARM.Collect$$$$00000008)
    .ARM.Collect$$$$0000000A                 0x20020044   Section        0  entry8b.o(.ARM.Collect$$$$0000000A)
    .ARM.Collect$$$$0000000D                 0x20020044   Section        0  entry10a.o(.ARM.Collect$$$$0000000D)
    .ARM.Collect$$$$0000000F                 0x20020044   Section        0  entry11a.o(.ARM.Collect$$$$0000000F)
    .ARM.Collect$$$$000000FF                 0x20020044   Section        0  RTX_Conf_CM.o(.ARM.Collect$$$$000000FF)
    .ARM.Collect$$$$00002712                 0x20020060   Section        4  entry2.o(.ARM.Collect$$$$00002712)
    __lit__00000000                          0x20020060   Data           4  entry2.o(.ARM.Collect$$$$00002712)
    .emb_text                                0x20020064   Section      436  barman.o(.emb_text)
    $v0                                      0x20020064   Number         0  barman.o(.emb_text)
    .emb_text                                0x20020218   Section      392  system_Renesas_RZ_A1.o(.emb_text)
    $v0                                      0x20020218   Number         0  system_Renesas_RZ_A1.o(.emb_text)
    .emb_text                                0x200203a0   Section     1224  HAL_CA5.o(.emb_text)
    $v0                                      0x200203a0   Number         0  HAL_CA5.o(.emb_text)
    .emb_text                                0x20020868   Section      208  rt_CMSIS.o(.emb_text)
    $v0                                      0x20020868   Number         0  rt_CMSIS.o(.emb_text)
    .text                                    0x20020938   Section      928  startup_Renesas_RZ_A1.o(.text)
    $v0                                      0x20020938   Number         0  startup_Renesas_RZ_A1.o(.text)
    .text                                    0x20020cd8   Section        0  NEON.o(.text)
    .text                                    0x20020df4   Section        0  RTX_Conf_CM.o(.text)
    .text                                    0x20020e64   Section        0  RZ_A1H_GENMAI_Init.o(.text)
    .text                                    0x200211e8   Section        0  barman.o(.text)
    barman_try_change_pmu_state              0x200216c9   Thumb Code   418  barman.o(.text)
    barman_transition_pmu_state_on_sample    0x2002186b   Thumb Code   686  barman.o(.text)
    __tagsym$$noinline                       0x20021b19   Number         0  barman.o(.text)
    __tagsym$$noinline                       0x20021b59   Number         0  barman.o(.text)
    barman_protocol_get_block_and_fill_header 0x20021d33   Thumb Code   190  barman.o(.text)
    __tagsym$$noinline                       0x20022025   Number         0  barman.o(.text)
    __tagsym$$noinline                       0x200220b3   Number         0  barman.o(.text)
    __tagsym$$noinline                       0x200220e7   Number         0  barman.o(.text)
    __tagsym$$noinline                       0x20022155   Number         0  barman.o(.text)
    __tagsym$$noinline                       0x2002217d   Number         0  barman.o(.text)
    __tagsym$$noinline                       0x200221a5   Number         0  barman.o(.text)
    __tagsym$$noinline                       0x200221bf   Number         0  barman.o(.text)
    barman_annotate_generic_string           0x20022235   Thumb Code   144  barman.o(.text)
    __tagsym$$noinline                       0x200222c5   Number         0  barman.o(.text)
    __tagsym$$noinline                       0x200222d7   Number         0  barman.o(.text)
    __tagsym$$noinline                       0x200222e9   Number         0  barman.o(.text)
    __tagsym$$noinline                       0x200222fb   Number         0  barman.o(.text)
    barman_protocol_string_table_insert      0x20022343   Thumb Code   486  barman.o(.text)
    __tagsym$$noinline                       0x20022749   Number         0  barman.o(.text)
    __tagsym$$noinline                       0x200227cf   Number         0  barman.o(.text)
    barman_ext_log_info                      0x200228dd   Thumb Code     2  barman.o(.text)
    barman_ext_log_error                     0x200228df   Thumb Code     2  barman.o(.text)
    barman_ext_log_debug                     0x200228e1   Thumb Code     2  barman.o(.text)
    barman_ext_log_warning                   0x200228e3   Thumb Code     2  barman.o(.text)
    .text                                    0x20022aac   Section        0  cnn.o(.text)
    .text                                    0x200231c0   Section        0  gic.o(.text)
    .text                                    0x20023564   Section        0  mmu_Renesas_RZ_A1.o(.text)
    __get_section_descriptor                 0x20023565   Thumb Code   200  mmu_Renesas_RZ_A1.o(.text)
    __get_page_descriptor                    0x2002362d   Thumb Code   304  mmu_Renesas_RZ_A1.o(.text)
    __TTSection                              0x2002375d   Thumb Code   110  mmu_Renesas_RZ_A1.o(.text)
    __ap_page                                0x20023ab3   Thumb Code   126  mmu_Renesas_RZ_A1.o(.text)
    __memory_section                         0x20023b31   Thumb Code   124  mmu_Renesas_RZ_A1.o(.text)
    __memory_page                            0x20023bad   Thumb Code   204  mmu_Renesas_RZ_A1.o(.text)
    .text                                    0x20023c80   Section        0  pl310.o(.text)
    .text                                    0x20023d64   Section        0  system_Renesas_RZ_A1.o(.text)
    .text                                    0x20023d8c   Section        0  system_Renesas_RZ_A1.o(.text)
    __enable_caches                          0x20023ecd   Thumb Code    16  system_Renesas_RZ_A1.o(.text)
    __enable_btac                            0x20023edd   Thumb Code    18  system_Renesas_RZ_A1.o(.text)
    .text                                    0x20023f00   Section        0  uidiv.o(.text)
    .text                                    0x20023f2c   Section        0  memcpya.o(.text)
    .text                                    0x20023f50   Section        0  memseta.o(.text)
    .text                                    0x20023f74   Section       36  init.o(.text)
    .text                                    0x20023f98   Section        0  semi.o(.text)
    .text                                    0x20023f98   Section        0  iusesemip.o(.text)
    SVC_TABLE                                0x20023f98   Section        8  SVC_Table.o(SVC_TABLE)
    i.__0printf$1                            0x20023fa0   Section        0  printf1.o(i.__0printf$1)
    i.__exceptional_mode                     0x20023fc0   Section        0  rt_CMSIS.o(i.__exceptional_mode)
    __exceptional_mode                       0x20023fc1   Thumb Code    44  rt_CMSIS.o(i.__exceptional_mode)
    i.__get_mode                             0x20023ff0   Section        0  rt_CMSIS.o(i.__get_mode)
    __get_mode                               0x20023ff1   Thumb Code    12  rt_CMSIS.o(i.__get_mode)
    i.__scatterload_copy                     0x20023ffc   Section       14  handlers.o(i.__scatterload_copy)
    i.__scatterload_null                     0x2002400a   Section        2  handlers.o(i.__scatterload_null)
    i.__scatterload_zeroinit                 0x2002400c   Section       14  handlers.o(i.__scatterload_zeroinit)
    i._init_box                              0x2002401a   Section        0  rt_MemBox.o(i._init_box)
    i._printf_core                           0x20024074   Section        0  printf1.o(i._printf_core)
    _printf_core                             0x20024075   Thumb Code   336  printf1.o(i._printf_core)
    i.fputc                                  0x200241c8   Section        0  fputc.o(i.fputc)
    i.isrMessagePut                          0x200241da   Section        0  rt_CMSIS.o(i.isrMessagePut)
    i.isr_mbx_send                           0x2002420c   Section        0  rt_Mailbox.o(i.isr_mbx_send)
    i.osKernelInitialize                     0x20024224   Section        0  rt_CMSIS.o(i.osKernelInitialize)
    i.osKernelStart                          0x20024250   Section        0  rt_CMSIS.o(i.osKernelStart)
    i.osThreadCreate                         0x2002429c   Section        0  rt_CMSIS.o(i.osThreadCreate)
    i.osThreadExit                           0x200242dc   Section        0  rt_CMSIS.o(i.osThreadExit)
    i.rt_alloc_box                           0x200242fc   Section        0  rt_MemBox.o(i.rt_alloc_box)
    i.rt_alloc_mem                           0x2002431a   Section        0  rt_Memory.o(i.rt_alloc_mem)
    i.rt_chk_robin                           0x20024370   Section        0  rt_Robin.o(i.rt_chk_robin)
    i.rt_dec_dly                             0x200243c8   Section        0  rt_List.o(i.rt_dec_dly)
    i.rt_dispatch                            0x20024458   Section        0  rt_Task.o(i.rt_dispatch)
    i.rt_evt_psh                             0x200244a8   Section        0  rt_Event.o(i.rt_evt_psh)
    i.rt_free_box                            0x20024504   Section        0  rt_MemBox.o(i.rt_free_box)
    i.rt_free_mem                            0x20024542   Section        0  rt_Memory.o(i.rt_free_mem)
    i.rt_get_TID                             0x20024578   Section        0  rt_Task.o(i.rt_get_TID)
    rt_get_TID                               0x20024579   Thumb Code    32  rt_Task.o(i.rt_get_TID)
    i.rt_get_first                           0x200245a0   Section        0  rt_List.o(i.rt_get_first)
    i.rt_init_context                        0x200245d4   Section        0  rt_Task.o(i.rt_init_context)
    rt_init_context                          0x200245d5   Thumb Code    68  rt_Task.o(i.rt_init_context)
    i.rt_init_mem                            0x2002461c   Section        0  rt_Memory.o(i.rt_init_mem)
    i.rt_init_robin                          0x20024640   Section        0  rt_Robin.o(i.rt_init_robin)
    i.rt_init_stack                          0x20024658   Section        0  HAL_CA.o(i.rt_init_stack)
    i.rt_mbx_check                           0x2002471c   Section        0  rt_Mailbox.o(i.rt_mbx_check)
    i.rt_mbx_init                            0x20024728   Section        0  rt_Mailbox.o(i.rt_mbx_init)
    i.rt_mbx_psh                             0x2002474c   Section        0  rt_Mailbox.o(i.rt_mbx_psh)
    i.rt_pop_req                             0x2002486c   Section        0  rt_System.o(i.rt_pop_req)
    i.rt_psh_req                             0x20024914   Section        0  rt_System.o(i.rt_psh_req)
    i.rt_psq_enq                             0x2002493c   Section        0  rt_List.o(i.rt_psq_enq)
    i.rt_put_prio                            0x200249b8   Section        0  rt_List.o(i.rt_put_prio)
    i.rt_put_rdy_first                       0x200249f8   Section        0  rt_List.o(i.rt_put_rdy_first)
    i.rt_resort_prio                         0x20024a0c   Section        0  rt_List.o(i.rt_resort_prio)
    i.rt_ret_regs                            0x20024a40   Section        0  HAL_CA.o(i.rt_ret_regs)
    rt_ret_regs                              0x20024a41   Thumb Code    42  HAL_CA.o(i.rt_ret_regs)
    i.rt_ret_val                             0x20024a6a   Section        0  HAL_CA.o(i.rt_ret_val)
    i.rt_ret_val2                            0x20024a7c   Section        0  HAL_CA.o(i.rt_ret_val2)
    i.rt_rmv_dly                             0x20024a96   Section        0  rt_List.o(i.rt_rmv_dly)
    i.rt_rmv_list                            0x20024ac0   Section        0  rt_List.o(i.rt_rmv_list)
    i.rt_sem_psh                             0x20024af4   Section        0  rt_Semaphore.o(i.rt_sem_psh)
    i.rt_stk_check                           0x20024b3c   Section        0  rt_System.o(i.rt_stk_check)
    i.rt_switch_req                          0x20024b6c   Section        0  rt_Task.o(i.rt_switch_req)
    i.rt_sys_init                            0x20024b7c   Section        0  rt_Task.o(i.rt_sys_init)
    i.rt_sys_start                           0x20024c50   Section        0  rt_Task.o(i.rt_sys_start)
    i.rt_systick                             0x20024cd4   Section        0  rt_System.o(i.rt_systick)
    i.rt_tid2ptcb                            0x20024d18   Section        0  rt_CMSIS.o(i.rt_tid2ptcb)
    rt_tid2ptcb                              0x20024d19   Thumb Code    32  rt_CMSIS.o(i.rt_tid2ptcb)
    i.rt_time_get                            0x20024d38   Section        0  rt_Time.o(i.rt_time_get)
    i.rt_timer_insert                        0x20024d44   Section        0  rt_CMSIS.o(i.rt_timer_insert)
    rt_timer_insert                          0x20024d45   Thumb Code    60  rt_CMSIS.o(i.rt_timer_insert)
    i.rt_tsk_create                          0x20024d84   Section        0  rt_Task.o(i.rt_tsk_create)
    i.rt_tsk_delete                          0x20024de8   Section        0  rt_Task.o(i.rt_tsk_delete)
    i.rt_tsk_lock                            0x20024f7c   Section        0  rt_System.o(i.rt_tsk_lock)
    i.rt_tsk_prio                            0x20025038   Section        0  rt_Task.o(i.rt_tsk_prio)
    i.rt_tsk_self                            0x200250d4   Section        0  rt_Task.o(i.rt_tsk_self)
    i.rt_tsk_unlock                          0x200250ec   Section        0  rt_System.o(i.rt_tsk_unlock)
    i.svcKernelInitialize                    0x20025180   Section        0  rt_CMSIS.o(i.svcKernelInitialize)
    i.svcKernelStart                         0x2002520c   Section        0  rt_CMSIS.o(i.svcKernelStart)
    i.svcMessageCreate                       0x2002525c   Section        0  rt_CMSIS.o(i.svcMessageCreate)
    i.svcThreadCreate                        0x20025298   Section        0  rt_CMSIS.o(i.svcThreadCreate)
    i.svcThreadGetId                         0x20025328   Section        0  rt_CMSIS.o(i.svcThreadGetId)
    i.svcThreadTerminate                     0x20025344   Section        0  rt_CMSIS.o(i.svcThreadTerminate)
    i.sysThreadError                         0x20025388   Section        0  rt_CMSIS.o(i.sysThreadError)
    sysThreadError                           0x20025389   Thumb Code     2  rt_CMSIS.o(i.sysThreadError)
    i.sysTimerTick                           0x2002538c   Section        0  rt_CMSIS.o(i.sysTimerTick)
    .constdata                               0x200253e4   Section       96  NEON.o(.constdata)
    .constdata                               0x20025444   Section        2  RTX_Conf_CM.o(.constdata)
    .constdata                               0x20025448   Section        4  RTX_Conf_CM.o(.constdata)
    .constdata                               0x2002544c   Section        4  RTX_Conf_CM.o(.constdata)
    .constdata                               0x20025450   Section        1  RTX_Conf_CM.o(.constdata)
    .constdata                               0x20025454   Section       32  RTX_Conf_CM.o(.constdata)
    __tagsym$$used                           0x20025454   Number         0  RTX_Conf_CM.o(.constdata)
    __tagsym$$used                           0x20025458   Number         0  RTX_Conf_CM.o(.constdata)
    __tagsym$$used                           0x2002545c   Number         0  RTX_Conf_CM.o(.constdata)
    __tagsym$$used                           0x20025460   Number         0  RTX_Conf_CM.o(.constdata)
    .constdata                               0x20025474   Section        2  RTX_Conf_CM.o(.constdata)
    .constdata                               0x20025478   Section        4  RTX_Conf_CM.o(.constdata)
    .constdata                               0x2002547c   Section        4  RTX_Conf_CM.o(.constdata)
    .constdata                               0x20025480   Section        1  RTX_Conf_CM.o(.constdata)
    .constdata                               0x20025484   Section       16  RTX_Conf_CM.o(.constdata)
    .constdata                               0x20025494   Section        8  RTX_Conf_CM.o(.constdata)
    .constdata                               0x2002549c   Section        2  RTX_Conf_CM.o(.constdata)
    .constdata                               0x200254a0   Section      264  barman.o(.constdata)
    __FUNCTION__                             0x200254c0   Data          22  barman.o(.constdata)
    __FUNCTION__                             0x200254d6   Data          29  barman.o(.constdata)
    __FUNCTION__                             0x200254f3   Data          18  barman.o(.constdata)
    __FUNCTION__                             0x20025505   Data          36  barman.o(.constdata)
    __FUNCTION__                             0x20025529   Data          42  barman.o(.constdata)
    __FUNCTION__                             0x20025553   Data          27  barman.o(.constdata)
    __FUNCTION__                             0x2002556e   Data          23  barman.o(.constdata)
    __FUNCTION__                             0x20025585   Data          35  barman.o(.constdata)
    .constdata                               0x200255a8   Section        4  gic.o(.constdata)
    .constdata                               0x200255ac   Section        4  gic.o(.constdata)
    .constdata                               0x200255b0   Section       16  mmu_Renesas_RZ_A1.o(.constdata)
    .conststring                             0x200255c0   Section       86  NEON.o(.conststring)
    .conststring                             0x20025618   Section     1075  barman.o(.conststring)
    .bss                                     0x20100000   Section       16  RTX_Conf_CM.o(.bss)
    .bss                                     0x20100010   Section      324  RTX_Conf_CM.o(.bss)
    .bss                                     0x20100158   Section     4816  RTX_Conf_CM.o(.bss)
    .bss                                     0x20101428   Section     2424  RTX_Conf_CM.o(.bss)
    .bss                                     0x20101da0   Section      132  RTX_Conf_CM.o(.bss)
    .bss                                     0x20101e24   Section       24  RTX_Conf_CM.o(.bss)
    .bss                                     0x20101e40   Section      424  barman.o(.bss)
    bm_settings                              0x20101e40   Data         160  barman.o(.bss)
    barman_arm_pmu_configuration_data        0x20101ee0   Data         264  barman.o(.bss)
    .bss                                     0x20101fe8   Section       36  cnn.o(.bss)
    lay                                      0x20101fe8   Data          36  cnn.o(.bss)
    .bss                                     0x2010200c   Section     2348  system_Renesas_RZ_A1.o(.bss)
    .bss                                     0x20102938   Section       52  rt_Task.o(.bss)
    .bss                                     0x2010296c   Section       48  rt_List.o(.bss)
    STACK                                    0x201029a0   Section     1280  startup_Renesas_RZ_A1.o(STACK)
    Stack_Top                                0x20102ea0   Data           0  startup_Renesas_RZ_A1.o(STACK)
    .data                                    0x20200000   Section        8  NEON.o(.data)
    timestamp_counter                        0x20200000   Data           8  NEON.o(.data)
    .data                                    0x20200008   Section        4  RTX_Conf_CM.o(.data)
    .data                                    0x2020000c   Section        4  RTX_Conf_CM.o(.data)
    .data                                    0x20200010   Section        4  RTX_Conf_CM.o(.data)
    .data                                    0x20200018   Section       40  barman.o(.data)
    bm_protocol_header_                      0x2020001c   Data           4  barman.o(.data)
    barman_linear_ram_buffer_configuration   0x20200020   Data          32  barman.o(.data)
    .data                                    0x20200040   Section       40  mmu_Renesas_RZ_A1.o(.data)
    Page_L1_4k                               0x20200040   Data           4  mmu_Renesas_RZ_A1.o(.data)
    Page_L1_64k                              0x20200044   Data           4  mmu_Renesas_RZ_A1.o(.data)
    Sect_Normal                              0x20200048   Data           4  mmu_Renesas_RZ_A1.o(.data)
    Sect_Normal_Cod                          0x2020004c   Data           4  mmu_Renesas_RZ_A1.o(.data)
    Sect_Normal_RO                           0x20200050   Data           4  mmu_Renesas_RZ_A1.o(.data)
    Sect_Normal_RW                           0x20200054   Data           4  mmu_Renesas_RZ_A1.o(.data)
    Sect_Device_RO                           0x20200058   Data           4  mmu_Renesas_RZ_A1.o(.data)
    Sect_Device_RW                           0x2020005c   Data           4  mmu_Renesas_RZ_A1.o(.data)
    Page_4k_Device_RW                        0x20200060   Data           4  mmu_Renesas_RZ_A1.o(.data)
    Page_64k_Device_RW                       0x20200064   Data           4  mmu_Renesas_RZ_A1.o(.data)
    .data                                    0x20200068   Section        4  system_Renesas_RZ_A1.o(.data)
    .data                                    0x2020006c   Section        2  HAL_CA5.o(.data)
    priority                                 0x2020006c   Data           1  HAL_CA5.o(.data)
    .data                                    0x20200070   Section        8  HAL_CA.o(.data)
    priority                                 0x20200070   Data           1  HAL_CA.o(.data)
    .data                                    0x20200078   Section        8  rt_CMSIS.o(.data)
    .data                                    0x20200080   Section       12  rt_Task.o(.data)
    priority                                 0x20200080   Data           1  rt_Task.o(.data)
    .data                                    0x2020008c   Section        4  rt_Time.o(.data)
    .data                                    0x20200090   Section       12  rt_Robin.o(.data)
    priority                                 0x20200090   Data           1  rt_Robin.o(.data)
    .data                                    0x2020009c   Section       11  rt_System.o(.data)
    priority                                 0x2020009c   Data           1  rt_System.o(.data)
    os_lock                                  0x202000a5   Data           1  rt_System.o(.data)
    os_psh_flag                              0x202000a6   Data           1  rt_System.o(.data)
    .data                                    0x202000a8   Section        4  stdout.o(.data)

    Global Symbols

    Symbol Name                              Value     Ov Type        Size  Object(Section)

    BuildAttributes$$THM_ISAv4$ARM_ISAv7$X$E$P$J$Z$N$K$B$S$VFPv3$PE$PLD4$MPE$A:L22UL41UL21$X:L11$S22US41US21$IEEE1$IW$USESV6$~STKCKD$USESV7$~SHL$OTIME$ROPI$EBA8$MICROLIB$THUMB2LIB$REQ8$PRES8$EABIv2 0x00000000   Number         0  anon$$obj.o ABSOLUTE
    __ARM_use_no_argv                        0x00000000   Number         0  NEON.o ABSOLUTE
    _printf_a                                0x00000000   Number         0  stubs.o ABSOLUTE
    _printf_c                                0x00000000   Number         0  stubs.o ABSOLUTE
    _printf_charcount                        0x00000000   Number         0  stubs.o ABSOLUTE
    _printf_d                                0x00000000   Number         0  stubs.o ABSOLUTE
    _printf_e                                0x00000000   Number         0  stubs.o ABSOLUTE
    _printf_f                                0x00000000   Number         0  stubs.o ABSOLUTE
    _printf_flags                            0x00000000   Number         0  stubs.o ABSOLUTE
    _printf_fp_dec                           0x00000000   Number         0  stubs.o ABSOLUTE
    _printf_fp_hex                           0x00000000   Number         0  stubs.o ABSOLUTE
    _printf_g                                0x00000000   Number         0  stubs.o ABSOLUTE
    _printf_i                                0x00000000   Number         0  stubs.o ABSOLUTE
    _printf_int_dec                          0x00000000   Number         0  stubs.o ABSOLUTE
    _printf_l                                0x00000000   Number         0  stubs.o ABSOLUTE
    _printf_lc                               0x00000000   Number         0  stubs.o ABSOLUTE
    _printf_ll                               0x00000000   Number         0  stubs.o ABSOLUTE
    _printf_lld                              0x00000000   Number         0  stubs.o ABSOLUTE
    _printf_lli                              0x00000000   Number         0  stubs.o ABSOLUTE
    _printf_llo                              0x00000000   Number         0  stubs.o ABSOLUTE
    _printf_llu                              0x00000000   Number         0  stubs.o ABSOLUTE
    _printf_llx                              0x00000000   Number         0  stubs.o ABSOLUTE
    _printf_longlong_dec                     0x00000000   Number         0  stubs.o ABSOLUTE
    _printf_longlong_hex                     0x00000000   Number         0  stubs.o ABSOLUTE
    _printf_longlong_oct                     0x00000000   Number         0  stubs.o ABSOLUTE
    _printf_ls                               0x00000000   Number         0  stubs.o ABSOLUTE
    _printf_mbtowc                           0x00000000   Number         0  stubs.o ABSOLUTE
    _printf_n                                0x00000000   Number         0  stubs.o ABSOLUTE
    _printf_o                                0x00000000   Number         0  stubs.o ABSOLUTE
    _printf_p                                0x00000000   Number         0  stubs.o ABSOLUTE
    _printf_percent                          0x00000000   Number         0  stubs.o ABSOLUTE
    _printf_pre_padding                      0x00000000   Number         0  stubs.o ABSOLUTE
    _printf_return_value                     0x00000000   Number         0  stubs.o ABSOLUTE
    _printf_s                                0x00000000   Number         0  stubs.o ABSOLUTE
    _printf_sizespec                         0x00000000   Number         0  stubs.o ABSOLUTE
    _printf_str                              0x00000000   Number         0  stubs.o ABSOLUTE
    _printf_truncate_signed                  0x00000000   Number         0  stubs.o ABSOLUTE
    _printf_truncate_unsigned                0x00000000   Number         0  stubs.o ABSOLUTE
    _printf_u                                0x00000000   Number         0  stubs.o ABSOLUTE
    _printf_wc                               0x00000000   Number         0  stubs.o ABSOLUTE
    _printf_wctomb                           0x00000000   Number         0  stubs.o ABSOLUTE
    _printf_widthprec                        0x00000000   Number         0  stubs.o ABSOLUTE
    _printf_x                                0x00000000   Number         0  stubs.o ABSOLUTE
    __cpp_initialize__aeabi_                  - Undefined Weak Reference
    __cxa_finalize                            - Undefined Weak Reference
    __decompress                              - Undefined Weak Reference
    _clock_init                               - Undefined Weak Reference
    _microlib_exit                            - Undefined Weak Reference
    __Vectors_Size                           0x00000020   Number         0  startup_Renesas_RZ_A1.o ABSOLUTE
    __RL_RTX_VER                             0x00000482   Number         0  rt_System.o ABSOLUTE
    Image$$TTB$$ZI$$Base                     0x20000000   Number         0  anon$$obj.o ABSOLUTE
    Image$$VECTORS$$Base                     0x20020000   Number         0  anon$$obj.o ABSOLUTE
    __Vectors                                0x20020000   ARM Code       4  startup_Renesas_RZ_A1.o(RESET)
    __Vectors_End                            0x20020020   Data           0  startup_Renesas_RZ_A1.o(RESET)
    __main                                   0x2002003c   ARM Code       0  entry.o(.ARM.Collect$$$$00000000)
    _main_stk                                0x2002003c   ARM Code       0  entry2.o(.ARM.Collect$$$$00000001)
    _main_scatterload                        0x20020040   ARM Code       0  entry5.o(.ARM.Collect$$$$00000004)
    __main_after_scatterload                 0x20020044   ARM Code       0  entry5.o(.ARM.Collect$$$$00000004)
    __rt_final_cpp                           0x20020044   ARM Code       0  entry10a.o(.ARM.Collect$$$$0000000D)
    __rt_final_exit                          0x20020044   ARM Code       0  entry11a.o(.ARM.Collect$$$$0000000F)
    _main_clock                              0x20020044   ARM Code       0  entry7b.o(.ARM.Collect$$$$00000008)
    _main_cpp_init                           0x20020044   ARM Code       0  entry8b.o(.ARM.Collect$$$$0000000A)
    _main_init                               0x20020044   ARM Code      24  RTX_Conf_CM.o(.ARM.Collect$$$$000000FF)
    __sync_fetch_and_add_8                   0x20020065   Thumb Code    36  barman.o(.emb_text)
    __sync_sub_and_fetch_8                   0x20020089   Thumb Code    36  barman.o(.emb_text)
    __sync_val_compare_and_swap_8            0x200200ad   Thumb Code    42  barman.o(.emb_text)
    __sync_bool_compare_and_swap_8           0x200200d7   Thumb Code    44  barman.o(.emb_text)
    __sync_fetch_and_add_4                   0x20020103   Thumb Code    30  barman.o(.emb_text)
    __sync_sub_and_fetch_4                   0x20020121   Thumb Code    28  barman.o(.emb_text)
    __sync_val_compare_and_swap_4            0x2002013d   Thumb Code    30  barman.o(.emb_text)
    __sync_bool_compare_and_swap_4           0x2002015b   Thumb Code    32  barman.o(.emb_text)
    __sync_bool_compare_and_swap_2           0x2002017b   Thumb Code    32  barman.o(.emb_text)
    __sync_fetch_and_add_1                   0x2002019b   Thumb Code    30  barman.o(.emb_text)
    __sync_sub_and_fetch_1                   0x200201b9   Thumb Code    28  barman.o(.emb_text)
    __sync_val_compare_and_swap_1            0x200201d5   Thumb Code    30  barman.o(.emb_text)
    __sync_bool_compare_and_swap_1           0x200201f3   Thumb Code    32  barman.o(.emb_text)
    __sync_synchronize                       0x20020213   Thumb Code     6  barman.o(.emb_text)
    __asm___22_system_Renesas_RZ_A1_c___SVC_1____set_PSP 0x20020218   ARM Code      28  system_Renesas_RZ_A1.o(.emb_text)
    __asm___22_system_Renesas_RZ_A1_c___SVC_1____set_CPS_USR 0x20020234   ARM Code       8  system_Renesas_RZ_A1.o(.emb_text)
    __asm___22_system_Renesas_RZ_A1_c___SVC_1____v7_all_cache 0x2002023c   ARM Code     172  system_Renesas_RZ_A1.o(.emb_text)
    FPUEnable                                0x200202e8   ARM Code     180  system_Renesas_RZ_A1.o(.emb_text)
    __asm___9_HAL_CA5_c_7784c55f____set_PSP  0x200203a0   ARM Code      28  HAL_CA5.o(.emb_text)
    __asm___9_HAL_CA5_c_7784c55f____set_CPS_USR 0x200203bc   ARM Code       8  HAL_CA5.o(.emb_text)
    __asm___9_HAL_CA5_c_7784c55f____v7_all_cache 0x200203c4   ARM Code     172  HAL_CA5.o(.emb_text)
    rt_set_PSP                               0x20020470   ARM Code      28  HAL_CA5.o(.emb_text)
    rt_get_PSP                               0x2002048c   ARM Code      28  HAL_CA5.o(.emb_text)
    _alloc_box                               0x200204a8   ARM Code      24  HAL_CA5.o(.emb_text)
    _free_box                                0x200204c4   ARM Code      24  HAL_CA5.o(.emb_text)
    SVC_Handler                              0x200204e0   ARM Code     680  HAL_CA5.o(.emb_text)
    PendSV_Handler                           0x20020798   ARM Code      88  HAL_CA5.o(.emb_text)
    OS_Tick_Handler                          0x200207fc   ARM Code     108  HAL_CA5.o(.emb_text)
    __asm___10_rt_CMSIS_c_8216d75d____set_PSP 0x20020868   ARM Code      28  rt_CMSIS.o(.emb_text)
    __asm___10_rt_CMSIS_c_8216d75d____set_CPS_USR 0x20020884   ARM Code       8  rt_CMSIS.o(.emb_text)
    __asm___10_rt_CMSIS_c_8216d75d____v7_all_cache 0x2002088c   ARM Code     172  rt_CMSIS.o(.emb_text)
    Reset_Handler                            0x20020938   ARM Code     392  startup_Renesas_RZ_A1.o(.text)
    Undef_Handler                            0x20020ac0   ARM Code     116  startup_Renesas_RZ_A1.o(.text)
    PAbt_Handler                             0x20020b34   ARM Code      56  startup_Renesas_RZ_A1.o(.text)
    DAbt_Handler                             0x20020b6c   ARM Code      60  startup_Renesas_RZ_A1.o(.text)
    FIQ_Handler                              0x20020ba8   ARM Code       4  startup_Renesas_RZ_A1.o(.text)
    IRQ_Handler                              0x20020bb0   ARM Code     252  startup_Renesas_RZ_A1.o(.text)
    increment_timestamp_counter              0x20020cd9   Thumb Code    18  NEON.o(.text)
    barman_ext_get_timestamp                 0x20020ceb   Thumb Code     8  NEON.o(.text)
    barman_ext_get_current_task_id           0x20020cf3   Thumb Code     4  NEON.o(.text)
    $Super$$main                             0x20020cf7   Thumb Code   132  NEON.o(.text)
    os_idle_demon                            0x20020df5   Thumb Code    12  RTX_Conf_CM.o(.text)
    os_error                                 0x20020e01   Thumb Code     2  RTX_Conf_CM.o(.text)
    os_tick_init                             0x20020e03   Thumb Code    76  RTX_Conf_CM.o(.text)
    os_tick_val                              0x20020e4f   Thumb Code     6  RTX_Conf_CM.o(.text)
    os_tick_ovf                              0x20020e55   Thumb Code     4  RTX_Conf_CM.o(.text)
    os_tick_irqack                           0x20020e59   Thumb Code     2  RTX_Conf_CM.o(.text)
    RZ_A1H_GENMAI_SetSramWriteEnable         0x20020e65   Thumb Code     8  RZ_A1H_GENMAI_Init.o(.text)
    RZ_A1H_GENMAI_InitClock                  0x20020e6d   Thumb Code    50  RZ_A1H_GENMAI_Init.o(.text)
    RZ_A1H_GENMAI_IsClockMode0               0x20020e9f   Thumb Code    28  RZ_A1H_GENMAI_Init.o(.text)
    RZ_A1H_GENMAI_InitBus                    0x20020ebb   Thumb Code   672  RZ_A1H_GENMAI_Init.o(.text)
    barman_initialize_pmu_family             0x200211e9   Thumb Code   186  barman.o(.text)
    barman_generated_initialize              0x200212a3   Thumb Code    36  barman.o(.text)
    barman_cache_clean                       0x200212c7   Thumb Code    46  barman.o(.text)
    barman_ext_map_multiprocessor_affinity_to_cluster_no 0x200212f5   Thumb Code     4  barman.o(.text)
    barman_protocol_write_pmu_settings       0x200212f9   Thumb Code   398  barman.o(.text)
    barman_ext_enable_interrupts_local       0x20021487   Thumb Code     6  barman.o(.text)
    barman_ext_disable_interrupts_local      0x2002148d   Thumb Code     8  barman.o(.text)
    barman_ext_map_multiprocessor_affinity_to_core_no 0x20021495   Thumb Code    48  barman.o(.text)
    barman_get_core_no                       0x200214c5   Thumb Code    68  barman.o(.text)
    barman_arm_pmu_init                      0x20021509   Thumb Code   394  barman.o(.text)
    barman_arm_pmu_stop                      0x20021693   Thumb Code    26  barman.o(.text)
    barman_arm_pmu_start                     0x200216ad   Thumb Code    28  barman.o(.text)
    barman_enable_sampling                   0x20021b19   Thumb Code    64  barman.o(.text)
    barman_disable_sampling                  0x20021b59   Thumb Code    54  barman.o(.text)
    barman_linear_ram_buffer_commit_block    0x20021b8f   Thumb Code   224  barman.o(.text)
    barman_linear_ram_buffer_get_block       0x20021c6f   Thumb Code   196  barman.o(.text)
    barman_protocol_write_sample             0x20021df1   Thumb Code   124  barman.o(.text)
    barman_arm_pmu_read_counter              0x20021e6d   Thumb Code   440  barman.o(.text)
    barman_sample_counters_with_program_counter 0x20022025   Thumb Code   142  barman.o(.text)
    barman_sample_counters                   0x200220b3   Thumb Code     8  barman.o(.text)
    barman_protocol_write_task_switch        0x200220bb   Thumb Code    44  barman.o(.text)
    barman_record_task_switch                0x200220e7   Thumb Code    70  barman.o(.text)
    barman_protocol_write_halt_event         0x2002212d   Thumb Code    40  barman.o(.text)
    barman_wfi                               0x20022155   Thumb Code    40  barman.o(.text)
    barman_wfe                               0x2002217d   Thumb Code    40  barman.o(.text)
    barman_before_idle                       0x200221a5   Thumb Code    26  barman.o(.text)
    barman_after_idle                        0x200221bf   Thumb Code    26  barman.o(.text)
    barman_protocol_write_annotation         0x200221d9   Thumb Code    92  barman.o(.text)
    barman_annotate_channel                  0x200222c5   Thumb Code    18  barman.o(.text)
    barman_annotate_name_channel             0x200222d7   Thumb Code    18  barman.o(.text)
    barman_annotate_name_group               0x200222e9   Thumb Code    18  barman.o(.text)
    barman_annotate_marker                   0x200222fb   Thumb Code    18  barman.o(.text)
    barman_linear_ram_buffer_initialize      0x2002230d   Thumb Code    54  barman.o(.text)
    barman_protocol_initialize               0x20022529   Thumb Code   544  barman.o(.text)
    barman_initialize                        0x20022749   Thumb Code   134  barman.o(.text)
    barman_add_task_record                   0x200227cf   Thumb Code   256  barman.o(.text)
    barman_linear_ram_buffer_close           0x200228cf   Thumb Code    14  barman.o(.text)
    relu                                     0x20022aad   Thumb Code    16  cnn.o(.text)
    convolution                              0x20022abd   Thumb Code   636  cnn.o(.text)
    max_pooling                              0x20022d39   Thumb Code   200  cnn.o(.text)
    fully_connected                          0x20022e01   Thumb Code   180  cnn.o(.text)
    pre_proc                                 0x20022eb5   Thumb Code    86  cnn.o(.text)
    post_proc                                0x20022f0b   Thumb Code    50  cnn.o(.text)
    mnist_cnn_eval                           0x20022f3d   Thumb Code   474  cnn.o(.text)
    GIC_EnableDistributor                    0x200231c1   Thumb Code    12  gic.o(.text)
    GIC_DisableDistributor                   0x200231cd   Thumb Code    12  gic.o(.text)
    GIC_DistributorInfo                      0x200231d9   Thumb Code    14  gic.o(.text)
    GIC_DistributorImplementer               0x200231e7   Thumb Code     6  gic.o(.text)
    GIC_SetTarget                            0x200231ed   Thumb Code    20  gic.o(.text)
    GIC_SetICDICFR                           0x20023201   Thumb Code    78  gic.o(.text)
    GIC_GetTarget                            0x2002324f   Thumb Code    20  gic.o(.text)
    GIC_EnableInterface                      0x20023263   Thumb Code    12  gic.o(.text)
    GIC_DisableInterface                     0x2002326f   Thumb Code    12  gic.o(.text)
    GIC_AcknowledgePending                   0x2002327b   Thumb Code     8  gic.o(.text)
    GIC_EndInterrupt                         0x20023283   Thumb Code     6  gic.o(.text)
    GIC_EnableIRQ                            0x20023289   Thumb Code    24  gic.o(.text)
    GIC_DisableIRQ                           0x200232a1   Thumb Code    24  gic.o(.text)
    GIC_SetPendingIRQ                        0x200232b9   Thumb Code    24  gic.o(.text)
    GIC_ClearPendingIRQ                      0x200232d1   Thumb Code    24  gic.o(.text)
    GIC_SetLevelModel                        0x200232e9   Thumb Code    50  gic.o(.text)
    GIC_SetPriority                          0x2002331b   Thumb Code    16  gic.o(.text)
    GIC_GetPriority                          0x2002332b   Thumb Code    16  gic.o(.text)
    GIC_InterfacePriorityMask                0x2002333b   Thumb Code     8  gic.o(.text)
    GIC_SetBinaryPoint                       0x20023343   Thumb Code    10  gic.o(.text)
    GIC_GetBinaryPoint                       0x2002334d   Thumb Code     6  gic.o(.text)
    GIC_GetIRQStatus                         0x20023353   Thumb Code    40  gic.o(.text)
    GIC_SendSGI                              0x2002337b   Thumb Code    22  gic.o(.text)
    GIC_DistInit                             0x20023391   Thumb Code   264  gic.o(.text)
    GIC_CPUInterfaceInit                     0x20023499   Thumb Code   106  gic.o(.text)
    GIC_Enable                               0x20023503   Thumb Code    14  gic.o(.text)
    create_translation_table                 0x200237cb   Thumb Code   744  mmu_Renesas_RZ_A1.o(.text)
    Inline ARM to Thumb Veneer to PL310_Enable 0x20023c78   ARM Code       8  pl310.o(.text)
    PL310_Sync                               0x20023c81   Thumb Code     8  pl310.o(.text)
    PL310_GetID                              0x20023c89   Thumb Code     6  pl310.o(.text)
    PL310_GetType                            0x20023c8f   Thumb Code     6  pl310.o(.text)
    PL310_InvAllByWay                        0x20023c95   Thumb Code    42  pl310.o(.text)
    PL310_CleanInvAllByWay                   0x20023cbf   Thumb Code    42  pl310.o(.text)
    PL310_Enable                             0x20023ce9   Thumb Code    36  pl310.o(.text)
    PL310_Disable                            0x20023d0d   Thumb Code    14  pl310.o(.text)
    PL310_InvPa                              0x20023d1b   Thumb Code    12  pl310.o(.text)
    PL310_CleanPa                            0x20023d27   Thumb Code    12  pl310.o(.text)
    PL310_CleanInvPa                         0x20023d33   Thumb Code    12  pl310.o(.text)
    __SVC_1                                  0x20023d64   ARM Code      40  system_Renesas_RZ_A1.o(.text)
    InterruptHandlerRegister                 0x20023d8d   Thumb Code    22  system_Renesas_RZ_A1.o(.text)
    InterruptHandlerUnregister               0x20023da5   Thumb Code    24  system_Renesas_RZ_A1.o(.text)
    SystemInit                               0x20023dbd   Thumb Code    18  system_Renesas_RZ_A1.o(.text)
    main                                     0x20023dd1   Thumb Code    36  system_Renesas_RZ_A1.o(.text)
    CDAbtHandler                             0x20023df5   Thumb Code    56  system_Renesas_RZ_A1.o(.text)
    CPAbtHandler                             0x20023e2d   Thumb Code    56  system_Renesas_RZ_A1.o(.text)
    CUndefHandler                            0x20023e65   Thumb Code   104  system_Renesas_RZ_A1.o(.text)
    __aeabi_uidiv                            0x20023f01   Thumb Code     0  uidiv.o(.text)
    __aeabi_uidivmod                         0x20023f01   Thumb Code    44  uidiv.o(.text)
    __aeabi_memcpy                           0x20023f2d   Thumb Code    36  memcpya.o(.text)
    __aeabi_memcpy4                          0x20023f2d   Thumb Code     0  memcpya.o(.text)
    __aeabi_memcpy8                          0x20023f2d   Thumb Code     0  memcpya.o(.text)
    __aeabi_memset                           0x20023f51   Thumb Code    14  memseta.o(.text)
    __aeabi_memset4                          0x20023f51   Thumb Code     0  memseta.o(.text)
    __aeabi_memset8                          0x20023f51   Thumb Code     0  memseta.o(.text)
    __aeabi_memclr                           0x20023f5f   Thumb Code     4  memseta.o(.text)
    __aeabi_memclr4                          0x20023f5f   Thumb Code     0  memseta.o(.text)
    __aeabi_memclr8                          0x20023f5f   Thumb Code     0  memseta.o(.text)
    _memset$wrapper                          0x20023f63   Thumb Code    18  memseta.o(.text)
    __scatterload                            0x20023f75   Thumb Code    28  init.o(.text)
    __scatterload_rt2                        0x20023f75   Thumb Code     0  init.o(.text)
    SVC_Count                                0x20023f98   Data           4  SVC_Table.o(SVC_TABLE)
    __I$use$semihosting$fputc                0x20023f99   Thumb Code     0  iusesemip.o(.text)
    __semihosting_library_function           0x20023f99   Thumb Code     0  semi.o(.text)
    SVC_Table                                0x20023f9c   Data           0  SVC_Table.o(SVC_TABLE)
    __0printf$1                              0x20023fa1   Thumb Code    22  printf1.o(i.__0printf$1)
    __1printf$1                              0x20023fa1   Thumb Code     0  printf1.o(i.__0printf$1)
    __2printf                                0x20023fa1   Thumb Code     0  printf1.o(i.__0printf$1)
    __scatterload_copy                       0x20023ffd   Thumb Code    14  handlers.o(i.__scatterload_copy)
    __scatterload_null                       0x2002400b   Thumb Code     2  handlers.o(i.__scatterload_null)
    __scatterload_zeroinit                   0x2002400d   Thumb Code    14  handlers.o(i.__scatterload_zeroinit)
    _init_box                                0x2002401b   Thumb Code    88  rt_MemBox.o(i._init_box)
    fputc                                    0x200241c9   Thumb Code    18  fputc.o(i.fputc)
    isrMessagePut                            0x200241db   Thumb Code    50  rt_CMSIS.o(i.isrMessagePut)
    isr_mbx_send                             0x2002420d   Thumb Code    22  rt_Mailbox.o(i.isr_mbx_send)
    osKernelInitialize                       0x20024225   Thumb Code    38  rt_CMSIS.o(i.osKernelInitialize)
    osKernelStart                            0x20024251   Thumb Code    68  rt_CMSIS.o(i.osKernelStart)
    osThreadCreate                           0x2002429d   Thumb Code    56  rt_CMSIS.o(i.osThreadCreate)
    osThreadExit                             0x200242dd   Thumb Code    22  rt_CMSIS.o(i.osThreadExit)
    rt_alloc_box                             0x200242fd   Thumb Code    30  rt_MemBox.o(i.rt_alloc_box)
    rt_alloc_mem                             0x2002431b   Thumb Code    86  rt_Memory.o(i.rt_alloc_mem)
    rt_chk_robin                             0x20024371   Thumb Code    76  rt_Robin.o(i.rt_chk_robin)
    rt_dec_dly                               0x200243c9   Thumb Code   130  rt_List.o(i.rt_dec_dly)
    rt_dispatch                              0x20024459   Thumb Code    72  rt_Task.o(i.rt_dispatch)
    rt_evt_psh                               0x200244a9   Thumb Code    88  rt_Event.o(i.rt_evt_psh)
    rt_free_box                              0x20024505   Thumb Code    62  rt_MemBox.o(i.rt_free_box)
    rt_free_mem                              0x20024543   Thumb Code    54  rt_Memory.o(i.rt_free_mem)
    rt_get_first                             0x200245a1   Thumb Code    50  rt_List.o(i.rt_get_first)
    rt_init_mem                              0x2002461d   Thumb Code    36  rt_Memory.o(i.rt_init_mem)
    rt_init_robin                            0x20024641   Thumb Code    14  rt_Robin.o(i.rt_init_robin)
    rt_init_stack                            0x20024659   Thumb Code   178  HAL_CA.o(i.rt_init_stack)
    rt_mbx_check                             0x2002471d   Thumb Code    12  rt_Mailbox.o(i.rt_mbx_check)
    rt_mbx_init                              0x20024729   Thumb Code    34  rt_Mailbox.o(i.rt_mbx_init)
    rt_mbx_psh                               0x2002474d   Thumb Code   284  rt_Mailbox.o(i.rt_mbx_psh)
    rt_pop_req                               0x2002486d   Thumb Code   154  rt_System.o(i.rt_pop_req)
    rt_psh_req                               0x20024915   Thumb Code    28  rt_System.o(i.rt_psh_req)
    rt_psq_enq                               0x2002493d   Thumb Code   120  rt_List.o(i.rt_psq_enq)
    rt_put_prio                              0x200249b9   Thumb Code    64  rt_List.o(i.rt_put_prio)
    rt_put_rdy_first                         0x200249f9   Thumb Code    16  rt_List.o(i.rt_put_rdy_first)
    rt_resort_prio                           0x20024a0d   Thumb Code    48  rt_List.o(i.rt_resort_prio)
    rt_ret_val                               0x20024a6b   Thumb Code    18  HAL_CA.o(i.rt_ret_val)
    rt_ret_val2                              0x20024a7d   Thumb Code    26  HAL_CA.o(i.rt_ret_val2)
    rt_rmv_dly                               0x20024a97   Thumb Code    40  rt_List.o(i.rt_rmv_dly)
    rt_rmv_list                              0x20024ac1   Thumb Code    48  rt_List.o(i.rt_rmv_list)
    rt_sem_psh                               0x20024af5   Thumb Code    68  rt_Semaphore.o(i.rt_sem_psh)
    rt_stk_check                             0x20024b3d   Thumb Code    40  rt_System.o(i.rt_stk_check)
    rt_switch_req                            0x20024b6d   Thumb Code    10  rt_Task.o(i.rt_switch_req)
    rt_sys_init                              0x20024b7d   Thumb Code   146  rt_Task.o(i.rt_sys_init)
    rt_sys_start                             0x20024c51   Thumb Code   122  rt_Task.o(i.rt_sys_start)
    rt_systick                               0x20024cd5   Thumb Code    56  rt_System.o(i.rt_systick)
    rt_time_get                              0x20024d39   Thumb Code     6  rt_Time.o(i.rt_time_get)
    rt_tsk_create                            0x20024d85   Thumb Code    90  rt_Task.o(i.rt_tsk_create)
    rt_tsk_delete                            0x20024de9   Thumb Code   380  rt_Task.o(i.rt_tsk_delete)
    rt_tsk_lock                              0x20024f7d   Thumb Code   170  rt_System.o(i.rt_tsk_lock)
    rt_tsk_prio                              0x20025039   Thumb Code   138  rt_Task.o(i.rt_tsk_prio)
    rt_tsk_self                              0x200250d5   Thumb Code    18  rt_Task.o(i.rt_tsk_self)
    rt_tsk_unlock                            0x200250ed   Thumb Code   124  rt_System.o(i.rt_tsk_unlock)
    svcKernelInitialize                      0x20025181   Thumb Code   102  rt_CMSIS.o(i.svcKernelInitialize)
    svcKernelStart                           0x2002520d   Thumb Code    70  rt_CMSIS.o(i.svcKernelStart)
    svcMessageCreate                         0x2002525d   Thumb Code    60  rt_CMSIS.o(i.svcMessageCreate)
    svcThreadCreate                          0x20025299   Thumb Code   130  rt_CMSIS.o(i.svcThreadCreate)
    svcThreadGetId                           0x20025329   Thumb Code    24  rt_CMSIS.o(i.svcThreadGetId)
    svcThreadTerminate                       0x20025345   Thumb Code    64  rt_CMSIS.o(i.svcThreadTerminate)
    sysTimerTick                             0x2002538d   Thumb Code    80  rt_CMSIS.o(i.sysTimerTick)
    os_maxtaskrun                            0x20025444   Data           2  RTX_Conf_CM.o(.constdata)
    os_stackinfo                             0x20025448   Data           4  RTX_Conf_CM.o(.constdata)
    os_rrobin                                0x2002544c   Data           4  RTX_Conf_CM.o(.constdata)
    os_flags                                 0x20025450   Data           1  RTX_Conf_CM.o(.constdata)
    CMSIS_RTOS_API_Version                   0x20025454   Data           4  RTX_Conf_CM.o(.constdata)
    CMSIS_RTOS_RTX_Version                   0x20025458   Data           4  RTX_Conf_CM.o(.constdata)
    os_clockrate                             0x2002545c   Data           4  RTX_Conf_CM.o(.constdata)
    os_timernum                              0x20025460   Data           4  RTX_Conf_CM.o(.constdata)
    os_thread_def_main                       0x20025464   Data          16  RTX_Conf_CM.o(.constdata)
    mp_tcb_size                              0x20025474   Data           2  RTX_Conf_CM.o(.constdata)
    mp_stk_size                              0x20025478   Data           4  RTX_Conf_CM.o(.constdata)
    os_stack_sz                              0x2002547c   Data           4  RTX_Conf_CM.o(.constdata)
    os_fifo_size                             0x20025480   Data           1  RTX_Conf_CM.o(.constdata)
    os_thread_def_osTimerThread              0x20025484   Data          16  RTX_Conf_CM.o(.constdata)
    os_messageQ_def_osTimerMessageQ          0x20025494   Data           8  RTX_Conf_CM.o(.constdata)
    mp_tmr_size                              0x2002549c   Data           2  RTX_Conf_CM.o(.constdata)
    GICDistributor_BASE                      0x200255a8   Data           4  gic.o(.constdata)
    GICInterface_BASE                        0x200255ac   Data           4  gic.o(.constdata)
    Region$$Table$$Base                      0x20025a4c   Number         0  anon$$obj.o(Region$$Table)
    Region$$Table$$Limit                     0x20025a6c   Number         0  anon$$obj.o(Region$$Table)
    Image$$ZI_DATA$$Base                     0x20100000   Number         0  anon$$obj.o ABSOLUTE
    os_messageQ_q_osTimerMessageQ            0x20100000   Data          16  RTX_Conf_CM.o(.bss)
    mp_tcb                                   0x20100010   Data         324  RTX_Conf_CM.o(.bss)
    mp_stk                                   0x20100158   Data        4816  RTX_Conf_CM.o(.bss)
    os_stack_mem                             0x20101428   Data        2424  RTX_Conf_CM.o(.bss)
    os_fifo                                  0x20101da0   Data         132  RTX_Conf_CM.o(.bss)
    os_active_TCB                            0x20101e24   Data          24  RTX_Conf_CM.o(.bss)
    IRQTable                                 0x2010200c   Data        2348  system_Renesas_RZ_A1.o(.bss)
    os_idle_TCB                              0x20102938   Data          52  rt_Task.o(.bss)
    os_rdy                                   0x2010296c   Data          24  rt_List.o(.bss)
    os_dly                                   0x20102984   Data          24  rt_List.o(.bss)
    __initial_sp                             0x20102aa0   Data        1024  startup_Renesas_RZ_A1.o(STACK)
    Image$$RW_DATA$$Base                     0x20200000   Number         0  anon$$obj.o ABSOLUTE
    m_tmr                                    0x20200008   Data           4  RTX_Conf_CM.o(.data)
    osThreadId_osTimerThread                 0x2020000c   Data           4  RTX_Conf_CM.o(.data)
    osMessageQId_osTimerMessageQ             0x20200010   Data           4  RTX_Conf_CM.o(.data)
    first_mpidr                              0x20200018   Data           4  barman.o(.data)
    IRQCount                                 0x20200068   Data           4  system_Renesas_RZ_A1.o(.data)
    seen_id0_active                          0x2020006d   Data           1  HAL_CA5.o(.data)
    IRQNestLevel                             0x20200074   Data           4  HAL_CA.o(.data)
    os_initialized                           0x20200078   Data           1  rt_CMSIS.o(.data)
    os_running                               0x20200079   Data           1  rt_CMSIS.o(.data)
    os_timer_head                            0x2020007c   Data           4  rt_CMSIS.o(.data)
    os_tsk                                   0x20200084   Data           8  rt_Task.o(.data)
    os_time                                  0x2020008c   Data           4  rt_Time.o(.data)
    os_robin                                 0x20200094   Data           8  rt_Robin.o(.data)
    os_tick_irqn                             0x202000a0   Data           4  rt_System.o(.data)
    scheduler_suspended                      0x202000a4   Data           1  rt_System.o(.data)
    __stdout                                 0x202000a8   Data           4  stdout.o(.data)
    Image$$BARMAN_BUFFER$$ZI$$Base           0x20500000   Number         0  anon$$obj.o ABSOLUTE
    Image$$BARMAN_BUFFER$$ZI$$Limit          0x20800000   Number         0  anon$$obj.o ABSOLUTE



==============================================================================

Memory Map of the image

  Image Entry point : 0x20020000

  Load Region LOAD_TTB (Base: 0x20000000, Size: 0x00000000, Max: 0x00004000, ABSOLUTE)

    Execution Region TTB (Base: 0x20000000, Size: 0x00004000, Max: 0x00004000, ABSOLUTE)

    Base Addr    Size         Type   Attr      Idx    E Section Name        Object

    0x20000000   0x00004000   Zero   RW            1    TTB.bss             anon$$obj.o



  Load Region SDRAM (Base: 0x20020000, Size: 0x00005b18, Max: 0x000e0000, ABSOLUTE)

    Execution Region VECTORS (Base: 0x20020000, Size: 0x00005a6c, Max: 0x000e0000, ABSOLUTE)

    Base Addr    Size         Type   Attr      Idx    E Section Name        Object

    0x20020000   0x0000003c   Code   RO            7  * RESET               startup_Renesas_RZ_A1.o
    0x2002003c   0x00000000   Code   RO         1952  * .ARM.Collect$$$$00000000  mc_2.l(entry.o)
    0x2002003c   0x00000004   Code   RO         2226    .ARM.Collect$$$$00000001  mc_2.l(entry2.o)
    0x20020040   0x00000004   Code   RO         2229    .ARM.Collect$$$$00000004  mc_2.l(entry5.o)
    0x20020044   0x00000000   Code   RO         2231    .ARM.Collect$$$$00000008  mc_2.l(entry7b.o)
    0x20020044   0x00000000   Code   RO         2233    .ARM.Collect$$$$0000000A  mc_2.l(entry8b.o)
    0x20020044   0x00000000   Code   RO         2234    .ARM.Collect$$$$0000000D  mc_2.l(entry10a.o)
    0x20020044   0x00000000   Code   RO         2236    .ARM.Collect$$$$0000000F  mc_2.l(entry11a.o)
    0x20020044   0x0000001c   Code   RO           63    .ARM.Collect$$$$000000FF  RTX_Conf_CM.o
    0x20020060   0x00000004   Code   RO         2227    .ARM.Collect$$$$00002712  mc_2.l(entry2.o)
    0x20020064   0x000001b4   Code   RO          335    .emb_text           barman.o
    0x20020218   0x00000188   Code   RO          484    .emb_text           system_Renesas_RZ_A1.o
    0x200203a0   0x000004c8   Code   RO          530    .emb_text           RTX_CA9_L.lib(HAL_CA5.o)
    0x20020868   0x000000d0   Code   RO          640    .emb_text           RTX_CA9_L.lib(rt_CMSIS.o)
    0x20020938   0x000003a0   Code   RO            8    .text               startup_Renesas_RZ_A1.o
    0x20020cd8   0x0000011c   Code   RO           16    .text               NEON.o
    0x20020df4   0x00000070   Code   RO           64    .text               RTX_Conf_CM.o
    0x20020e64   0x00000384   Code   RO          298    .text               RZ_A1H_GENMAI_Init.o
    0x200211e8   0x000018c4   Code   RO          336    .text               barman.o
    0x20022aac   0x00000714   Code   RO          358    .text               cnn.o
    0x200231c0   0x000003a4   Code   RO          376    .text               gic.o
    0x20023564   0x00000714   Code   RO          418    .text               mmu_Renesas_RZ_A1.o
    0x20023c78   0x00000008   Ven    RO          456    .text               pl310.o
    0x20023c80   0x000000e4   Code   RO          456    .text               pl310.o
    0x20023d64   0x00000028   Code   RO          485    .text               system_Renesas_RZ_A1.o
    0x20023d8c   0x00000174   Code   RO          486    .text               system_Renesas_RZ_A1.o
    0x20023f00   0x0000002c   Code   RO         1955    .text               mc_2.l(uidiv.o)
    0x20023f2c   0x00000024   Code   RO         1959    .text               mc_2.l(memcpya.o)
    0x20023f50   0x00000024   Code   RO         1961    .text               mc_2.l(memseta.o)
    0x20023f74   0x00000024   Code   RO         2256    .text               mc_2.l(init.o)
    0x20023f98   0x00000000   Code   RO         2258    .text               mc_2.l(semi.o)
    0x20023f98   0x00000000   Code   RO         2261    .text               mc_2.l(iusesemip.o)
    0x20023f98   0x00000008   Code   RO         1407    SVC_TABLE           RTX_CA9_L.lib(SVC_Table.o)
    0x20023fa0   0x00000020   Code   RO         2010    i.__0printf$1       mc_2.l(printf1.o)
    0x20023fc0   0x00000030   Code   RO          641    i.__exceptional_mode  RTX_CA9_L.lib(rt_CMSIS.o)
    0x20023ff0   0x0000000c   Code   RO          642    i.__get_mode        RTX_CA9_L.lib(rt_CMSIS.o)
    0x20023ffc   0x0000000e   Code   RO         2266    i.__scatterload_copy  mc_2.l(handlers.o)
    0x2002400a   0x00000002   Code   RO         2267    i.__scatterload_null  mc_2.l(handlers.o)
    0x2002400c   0x0000000e   Code   RO         2268    i.__scatterload_zeroinit  mc_2.l(handlers.o)
    0x2002401a   0x00000058   Code   RO         1634    i._init_box         RTX_CA9_L.lib(rt_MemBox.o)
    0x20024072   0x00000002   PAD
    0x20024074   0x00000154   Code   RO         2017    i._printf_core      mc_2.l(printf1.o)
    0x200241c8   0x00000012   Code   RO         2238    i.fputc             mc_2.l(fputc.o)
    0x200241da   0x00000032   Code   RO          644    i.isrMessagePut     RTX_CA9_L.lib(rt_CMSIS.o)
    0x2002420c   0x00000016   Code   RO         1568    i.isr_mbx_send      RTX_CA9_L.lib(rt_Mailbox.o)
    0x20024222   0x00000002   PAD
    0x20024224   0x0000002c   Code   RO          648    i.osKernelInitialize  RTX_CA9_L.lib(rt_CMSIS.o)
    0x20024250   0x0000004c   Code   RO          650    i.osKernelStart     RTX_CA9_L.lib(rt_CMSIS.o)
    0x2002429c   0x00000040   Code   RO          676    i.osThreadCreate    RTX_CA9_L.lib(rt_CMSIS.o)
    0x200242dc   0x00000020   Code   RO          677    i.osThreadExit      RTX_CA9_L.lib(rt_CMSIS.o)
    0x200242fc   0x0000001e   Code   RO         1635    i.rt_alloc_box      RTX_CA9_L.lib(rt_MemBox.o)
    0x2002431a   0x00000056   Code   RO         1677    i.rt_alloc_mem      RTX_CA9_L.lib(rt_Memory.o)
    0x20024370   0x00000058   Code   RO         1753    i.rt_chk_robin      RTX_CA9_L.lib(rt_Robin.o)
    0x200243c8   0x00000090   Code   RO         1474    i.rt_dec_dly        RTX_CA9_L.lib(rt_List.o)
    0x20024458   0x00000050   Code   RO         1274    i.rt_dispatch       RTX_CA9_L.lib(rt_Task.o)
    0x200244a8   0x0000005c   Code   RO         1417    i.rt_evt_psh        RTX_CA9_L.lib(rt_Event.o)
    0x20024504   0x0000003e   Code   RO         1636    i.rt_free_box       RTX_CA9_L.lib(rt_MemBox.o)
    0x20024542   0x00000036   Code   RO         1678    i.rt_free_mem       RTX_CA9_L.lib(rt_Memory.o)
    0x20024578   0x00000028   Code   RO         1275    i.rt_get_TID        RTX_CA9_L.lib(rt_Task.o)
    0x200245a0   0x00000032   Code   RO         1475    i.rt_get_first      RTX_CA9_L.lib(rt_List.o)
    0x200245d2   0x00000002   PAD
    0x200245d4   0x00000048   Code   RO         1276    i.rt_init_context   RTX_CA9_L.lib(rt_Task.o)
    0x2002461c   0x00000024   Code   RO         1679    i.rt_init_mem       RTX_CA9_L.lib(rt_Memory.o)
    0x20024640   0x00000018   Code   RO         1754    i.rt_init_robin     RTX_CA9_L.lib(rt_Robin.o)
    0x20024658   0x000000c4   Code   RO          582    i.rt_init_stack     RTX_CA9_L.lib(HAL_CA.o)
    0x2002471c   0x0000000c   Code   RO         1569    i.rt_mbx_check      RTX_CA9_L.lib(rt_Mailbox.o)
    0x20024728   0x00000022   Code   RO         1570    i.rt_mbx_init       RTX_CA9_L.lib(rt_Mailbox.o)
    0x2002474a   0x00000002   PAD
    0x2002474c   0x00000120   Code   RO         1571    i.rt_mbx_psh        RTX_CA9_L.lib(rt_Mailbox.o)
    0x2002486c   0x000000a8   Code   RO         1854    i.rt_pop_req        RTX_CA9_L.lib(rt_System.o)
    0x20024914   0x00000028   Code   RO         1855    i.rt_psh_req        RTX_CA9_L.lib(rt_System.o)
    0x2002493c   0x0000007c   Code   RO         1477    i.rt_psq_enq        RTX_CA9_L.lib(rt_List.o)
    0x200249b8   0x00000040   Code   RO         1479    i.rt_put_prio       RTX_CA9_L.lib(rt_List.o)
    0x200249f8   0x00000014   Code   RO         1480    i.rt_put_rdy_first  RTX_CA9_L.lib(rt_List.o)
    0x20024a0c   0x00000034   Code   RO         1481    i.rt_resort_prio    RTX_CA9_L.lib(rt_List.o)
    0x20024a40   0x0000002a   Code   RO          583    i.rt_ret_regs       RTX_CA9_L.lib(HAL_CA.o)
    0x20024a6a   0x00000012   Code   RO          584    i.rt_ret_val        RTX_CA9_L.lib(HAL_CA.o)
    0x20024a7c   0x0000001a   Code   RO          585    i.rt_ret_val2       RTX_CA9_L.lib(HAL_CA.o)
    0x20024a96   0x00000028   Code   RO         1482    i.rt_rmv_dly        RTX_CA9_L.lib(rt_List.o)
    0x20024abe   0x00000002   PAD
    0x20024ac0   0x00000034   Code   RO         1483    i.rt_rmv_list       RTX_CA9_L.lib(rt_List.o)
    0x20024af4   0x00000048   Code   RO         1793    i.rt_sem_psh        RTX_CA9_L.lib(rt_Semaphore.o)
    0x20024b3c   0x00000030   Code   RO         1857    i.rt_stk_check      RTX_CA9_L.lib(rt_System.o)
    0x20024b6c   0x00000010   Code   RO         1277    i.rt_switch_req     RTX_CA9_L.lib(rt_Task.o)
    0x20024b7c   0x000000d4   Code   RO         1278    i.rt_sys_init       RTX_CA9_L.lib(rt_Task.o)
    0x20024c50   0x00000084   Code   RO         1279    i.rt_sys_start      RTX_CA9_L.lib(rt_Task.o)
    0x20024cd4   0x00000044   Code   RO         1859    i.rt_systick        RTX_CA9_L.lib(rt_System.o)
    0x20024d18   0x00000020   Code   RO          695    i.rt_tid2ptcb       RTX_CA9_L.lib(rt_CMSIS.o)
    0x20024d38   0x0000000c   Code   RO         1377    i.rt_time_get       RTX_CA9_L.lib(rt_Time.o)
    0x20024d44   0x00000040   Code   RO          696    i.rt_timer_insert   RTX_CA9_L.lib(rt_CMSIS.o)
    0x20024d84   0x00000064   Code   RO         1280    i.rt_tsk_create     RTX_CA9_L.lib(rt_Task.o)
    0x20024de8   0x00000194   Code   RO         1281    i.rt_tsk_delete     RTX_CA9_L.lib(rt_Task.o)
    0x20024f7c   0x000000bc   Code   RO         1860    i.rt_tsk_lock       RTX_CA9_L.lib(rt_System.o)
    0x20025038   0x0000009c   Code   RO         1283    i.rt_tsk_prio       RTX_CA9_L.lib(rt_Task.o)
    0x200250d4   0x00000018   Code   RO         1284    i.rt_tsk_self       RTX_CA9_L.lib(rt_Task.o)
    0x200250ec   0x00000094   Code   RO         1861    i.rt_tsk_unlock     RTX_CA9_L.lib(rt_System.o)
    0x20025180   0x0000008c   Code   RO          699    i.svcKernelInitialize  RTX_CA9_L.lib(rt_CMSIS.o)
    0x2002520c   0x00000050   Code   RO          701    i.svcKernelStart    RTX_CA9_L.lib(rt_CMSIS.o)
    0x2002525c   0x0000003c   Code   RO          704    i.svcMessageCreate  RTX_CA9_L.lib(rt_CMSIS.o)
    0x20025298   0x00000090   Code   RO          719    i.svcThreadCreate   RTX_CA9_L.lib(rt_CMSIS.o)
    0x20025328   0x0000001c   Code   RO          720    i.svcThreadGetId    RTX_CA9_L.lib(rt_CMSIS.o)
    0x20025344   0x00000044   Code   RO          723    i.svcThreadTerminate  RTX_CA9_L.lib(rt_CMSIS.o)
    0x20025388   0x00000002   Code   RO          734    i.sysThreadError    RTX_CA9_L.lib(rt_CMSIS.o)
    0x2002538a   0x00000002   PAD
    0x2002538c   0x00000058   Code   RO          735    i.sysTimerTick      RTX_CA9_L.lib(rt_CMSIS.o)
    0x200253e4   0x00000060   Data   RO           17    .constdata          NEON.o
    0x20025444   0x00000002   Data   RO           71    .constdata          RTX_Conf_CM.o
    0x20025446   0x00000002   PAD
    0x20025448   0x00000004   Data   RO           72    .constdata          RTX_Conf_CM.o
    0x2002544c   0x00000004   Data   RO           73    .constdata          RTX_Conf_CM.o
    0x20025450   0x00000001   Data   RO           78    .constdata          RTX_Conf_CM.o
    0x20025451   0x00000003   PAD
    0x20025454   0x00000020   Data   RO           79    .constdata          RTX_Conf_CM.o
    0x20025474   0x00000002   Data   RO           80    .constdata          RTX_Conf_CM.o
    0x20025476   0x00000002   PAD
    0x20025478   0x00000004   Data   RO           81    .constdata          RTX_Conf_CM.o
    0x2002547c   0x00000004   Data   RO           82    .constdata          RTX_Conf_CM.o
    0x20025480   0x00000001   Data   RO           83    .constdata          RTX_Conf_CM.o
    0x20025481   0x00000003   PAD
    0x20025484   0x00000010   Data   RO           84    .constdata          RTX_Conf_CM.o
    0x20025494   0x00000008   Data   RO           85    .constdata          RTX_Conf_CM.o
    0x2002549c   0x00000002   Data   RO           86    .constdata          RTX_Conf_CM.o
    0x2002549e   0x00000002   PAD
    0x200254a0   0x00000108   Data   RO          338    .constdata          barman.o
    0x200255a8   0x00000004   Data   RO          377    .constdata          gic.o
    0x200255ac   0x00000004   Data   RO          378    .constdata          gic.o
    0x200255b0   0x00000010   Data   RO          419    .constdata          mmu_Renesas_RZ_A1.o
    0x200255c0   0x00000056   Data   RO           18    .conststring        NEON.o
    0x20025616   0x00000002   PAD
    0x20025618   0x00000433   Data   RO          339    .conststring        barman.o
    0x20025a4b   0x00000001   PAD
    0x20025a4c   0x00000020   Data   RO         2264    Region$$Table       anon$$obj.o


    Execution Region ZI_DATA (Base: 0x20100000, Size: 0x00002ea0, Max: 0x000fffff, ABSOLUTE)

    Base Addr    Size         Type   Attr      Idx    E Section Name        Object

    0x20100000   0x00000010   Zero   RW           65    .bss                RTX_Conf_CM.o
    0x20100010   0x00000144   Zero   RW           66    .bss                RTX_Conf_CM.o
    0x20100154   0x00000004   PAD
    0x20100158   0x000012d0   Zero   RW           67    .bss                RTX_Conf_CM.o
    0x20101428   0x00000978   Zero   RW           68    .bss                RTX_Conf_CM.o
    0x20101da0   0x00000084   Zero   RW           69    .bss                RTX_Conf_CM.o
    0x20101e24   0x00000018   Zero   RW           70    .bss                RTX_Conf_CM.o
    0x20101e3c   0x00000004   PAD
    0x20101e40   0x000001a8   Zero   RW          337    .bss                barman.o
    0x20101fe8   0x00000024   Zero   RW          359    .bss                cnn.o
    0x2010200c   0x0000092c   Zero   RW          487    .bss                system_Renesas_RZ_A1.o
    0x20102938   0x00000034   Zero   RW         1285    .bss                RTX_CA9_L.lib(rt_Task.o)
    0x2010296c   0x00000030   Zero   RW         1484    .bss                RTX_CA9_L.lib(rt_List.o)
    0x2010299c   0x00000004   PAD
    0x201029a0   0x00000500   Zero   RW            5    STACK               startup_Renesas_RZ_A1.o


    Execution Region RW_DATA (Base: 0x20200000, Size: 0x000000ac, Max: 0x000fffff, ABSOLUTE)

    Base Addr    Size         Type   Attr      Idx    E Section Name        Object

    0x20200000   0x00000008   Data   RW           19    .data               NEON.o
    0x20200008   0x00000004   Data   RW           88    .data               RTX_Conf_CM.o
    0x2020000c   0x00000004   Data   RW           89    .data               RTX_Conf_CM.o
    0x20200010   0x00000004   Data   RW           90    .data               RTX_Conf_CM.o
    0x20200014   0x00000004   PAD
    0x20200018   0x00000028   Data   RW          340    .data               barman.o
    0x20200040   0x00000028   Data   RW          420    .data               mmu_Renesas_RZ_A1.o
    0x20200068   0x00000004   Data   RW          488    .data               system_Renesas_RZ_A1.o
    0x2020006c   0x00000002   Data   RW          531    .data               RTX_CA9_L.lib(HAL_CA5.o)
    0x2020006e   0x00000002   PAD
    0x20200070   0x00000008   Data   RW          586    .data               RTX_CA9_L.lib(HAL_CA.o)
    0x20200078   0x00000008   Data   RW          738    .data               RTX_CA9_L.lib(rt_CMSIS.o)
    0x20200080   0x0000000c   Data   RW         1286    .data               RTX_CA9_L.lib(rt_Task.o)
    0x2020008c   0x00000004   Data   RW         1378    .data               RTX_CA9_L.lib(rt_Time.o)
    0x20200090   0x0000000c   Data   RW         1755    .data               RTX_CA9_L.lib(rt_Robin.o)
    0x2020009c   0x0000000b   Data   RW         1862    .data               RTX_CA9_L.lib(rt_System.o)
    0x202000a7   0x00000001   PAD
    0x202000a8   0x00000004   Data   RW         2240    .data               mc_2.l(stdout.o)


    Execution Region NN_BUFFER (Base: 0x20300000, Size: 0x00070c40, Max: 0x00070c40, ABSOLUTE)

    Base Addr    Size         Type   Attr      Idx    E Section Name        Object

    0x20300000   0x00070c40   Zero   RW            2    NN_BUFFER.bss       anon$$obj.o


    Execution Region TARGET_BUFFER (Base: 0x20400000, Size: 0x00000c40, Max: 0x00000c40, ABSOLUTE)

    Base Addr    Size         Type   Attr      Idx    E Section Name        Object

    0x20400000   0x00000c40   Zero   RW            3    TARGET_BUFFER.bss   anon$$obj.o


    Execution Region BARMAN_BUFFER (Base: 0x20500000, Size: 0x00300000, Max: 0x00300000, ABSOLUTE)

    Base Addr    Size         Type   Attr      Idx    E Section Name        Object

    0x20500000   0x00300000   Zero   RW            4    BARMAN_BUFFER.bss   anon$$obj.o


==============================================================================

Image component sizes


      Code (inc. data)   RO Data    RW Data    ZI Data      Debug   Object Name

       284        122        182          8          0      13028   NEON.o
       140         14         80         12       7736      10108   RTX_Conf_CM.o
       900        142          0          0          0      23200   RZ_A1H_GENMAI_Init.o
      6776        964       1339         40        424      53042   barman.o
      1812        176          0          0         36       7915   cnn.o
       932         84          8          0          0      29155   gic.o
      1812         68         16         40          0      13057   mmu_Renesas_RZ_A1.o
       228         38          0          0          0       2692   pl310.o
       988         72          0          0       1280       1260   startup_Renesas_RZ_A1.o
       804         82          0          4       2348       8116   system_Renesas_RZ_A1.o

    ----------------------------------------------------------------------
     14684       1762       1672        108    3638968     161573   Object Totals
         8          0         32          0    3627136          0   (incl. Generated)
         0          0         15          4          8          0   (incl. Padding)

    ----------------------------------------------------------------------

      Code (inc. data)   RO Data    RW Data    ZI Data      Debug   Library Member Name

       282         18          0          8          0       4758   HAL_CA.o
      1224         36          0          2          0       3486   HAL_CA5.o
         8          8          0          0          0        232   SVC_Table.o
      1240        118          0          8          0      24032   rt_CMSIS.o
        92          4          0          0          0        693   rt_Event.o
       546         30          0          0         48       7814   rt_List.o
       356          4          0          0          0       2613   rt_Mailbox.o
       180          0          0          0          0       2165   rt_MemBox.o
       176          0          0          0          0       2695   rt_Memory.o
       112         22          0         12          0       1294   rt_Robin.o
        72          4          0          0          0        629   rt_Semaphore.o
       660         88          0         11          0       4263   rt_System.o
      1236        160          0         12         52       9404   rt_Task.o
        12          6          0          4          0        724   rt_Time.o
         0          0          0          0          0          0   entry.o
         0          0          0          0          0          0   entry10a.o
         0          0          0          0          0          0   entry11a.o
         8          4          0          0          0          0   entry2.o
         4          0          0          0          0          0   entry5.o
         0          0          0          0          0          0   entry7b.o
         0          0          0          0          0          0   entry8b.o
        18          0          0          0          0         80   fputc.o
        30          0          0          0          0          0   handlers.o
        36          8          0          0          0         68   init.o
         0          0          0          0          0          0   iusesemip.o
        36          0          0          0          0         68   memcpya.o
        36          0          0          0          0        108   memseta.o
       372         14          0          0          0        184   printf1.o
         0          0          0          0          0          0   semi.o
         0          0          0          4          0          0   stdout.o
        44          0          0          0          0         80   uidiv.o

    ----------------------------------------------------------------------
      6792        524          0         64        104      65390   Library Totals
        12          0          0          3          4          0   (incl. Padding)

    ----------------------------------------------------------------------

      Code (inc. data)   RO Data    RW Data    ZI Data      Debug   Library Name

      6196        498          0         57        100      64802   RTX_CA9_L.lib
       584         26          0          4          0        588   mc_2.l

    ----------------------------------------------------------------------
      6792        524          0         64        104      65390   Library Totals

    ----------------------------------------------------------------------

==============================================================================


      Code (inc. data)   RO Data    RW Data    ZI Data      Debug   

     21476       2286       1672        172    3639072     218767   Grand Totals
     21476       2286       1672        172    3639072     218767   ELF Image Totals
     21476       2286       1672        172          0          0   ROM Totals

==============================================================================

    Total RO  Size (Code + RO Data)                23148 (  22.61kB)
    Total RW  Size (RW Data + ZI Data)           3639244 (3553.95kB)
    Total ROM Size (Code + RO Data + RW Data)      23320 (  22.77kB)

==============================================================================

